   1               		.file	"keymap_mypad.c"
   2               	__SP_H__ = 0x3e
   3               	__SP_L__ = 0x3d
   4               	__SREG__ = 0x3f
   5               	__tmp_reg__ = 0
   6               	__zero_reg__ = 1
   7               		.text
   8               	.Ltext0:
   9               		.cfi_sections	.debug_frame
  10               		.section	.text.matrix_power_up,"ax",@progbits
  11               		.weak	matrix_power_up
  13               	matrix_power_up:
  14               	.LFB4:
  15               		.file 1 "../../tmk_core_custom/common/keyboard.h"
   1:../../tmk_core_custom/common/keyboard.h **** /*
   2:../../tmk_core_custom/common/keyboard.h **** Copyright 2011,2012,2013 Jun Wako <wakojun@gmail.com>
   3:../../tmk_core_custom/common/keyboard.h **** 
   4:../../tmk_core_custom/common/keyboard.h **** This program is free software: you can redistribute it and/or modify
   5:../../tmk_core_custom/common/keyboard.h **** it under the terms of the GNU General Public License as published by
   6:../../tmk_core_custom/common/keyboard.h **** the Free Software Foundation, either version 2 of the License, or
   7:../../tmk_core_custom/common/keyboard.h **** (at your option) any later version.
   8:../../tmk_core_custom/common/keyboard.h **** 
   9:../../tmk_core_custom/common/keyboard.h **** This program is distributed in the hope that it will be useful,
  10:../../tmk_core_custom/common/keyboard.h **** but WITHOUT ANY WARRANTY; without even the implied warranty of
  11:../../tmk_core_custom/common/keyboard.h **** MERCHANTABILITY or FITNESS FOR A PARTICULAR PURPOSE.  See the
  12:../../tmk_core_custom/common/keyboard.h **** GNU General Public License for more details.
  13:../../tmk_core_custom/common/keyboard.h **** 
  14:../../tmk_core_custom/common/keyboard.h **** You should have received a copy of the GNU General Public License
  15:../../tmk_core_custom/common/keyboard.h **** along with this program.  If not, see <http://www.gnu.org/licenses/>.
  16:../../tmk_core_custom/common/keyboard.h **** */
  17:../../tmk_core_custom/common/keyboard.h **** 
  18:../../tmk_core_custom/common/keyboard.h **** #ifndef KEYBOARD_H
  19:../../tmk_core_custom/common/keyboard.h **** #define KEYBOARD_H
  20:../../tmk_core_custom/common/keyboard.h **** 
  21:../../tmk_core_custom/common/keyboard.h **** #include <stdbool.h>
  22:../../tmk_core_custom/common/keyboard.h **** #include <stdint.h>
  23:../../tmk_core_custom/common/keyboard.h **** 
  24:../../tmk_core_custom/common/keyboard.h **** 
  25:../../tmk_core_custom/common/keyboard.h **** #ifdef __cplusplus
  26:../../tmk_core_custom/common/keyboard.h **** extern "C" {
  27:../../tmk_core_custom/common/keyboard.h **** #endif
  28:../../tmk_core_custom/common/keyboard.h **** 
  29:../../tmk_core_custom/common/keyboard.h **** /* key matrix position */
  30:../../tmk_core_custom/common/keyboard.h **** typedef struct {
  31:../../tmk_core_custom/common/keyboard.h ****     uint8_t col;
  32:../../tmk_core_custom/common/keyboard.h ****     uint8_t row;
  33:../../tmk_core_custom/common/keyboard.h **** } keypos_t;
  34:../../tmk_core_custom/common/keyboard.h **** 
  35:../../tmk_core_custom/common/keyboard.h **** /* key event */
  36:../../tmk_core_custom/common/keyboard.h **** typedef struct {
  37:../../tmk_core_custom/common/keyboard.h ****     keypos_t key;
  38:../../tmk_core_custom/common/keyboard.h ****     bool     pressed;
  39:../../tmk_core_custom/common/keyboard.h ****     uint16_t time;
  40:../../tmk_core_custom/common/keyboard.h **** } keyevent_t;
  41:../../tmk_core_custom/common/keyboard.h **** 
  42:../../tmk_core_custom/common/keyboard.h **** /* equivalent test of keypos_t */
  43:../../tmk_core_custom/common/keyboard.h **** #define KEYEQ(keya, keyb)       ((keya).row == (keyb).row && (keya).col == (keyb).col)
  44:../../tmk_core_custom/common/keyboard.h **** 
  45:../../tmk_core_custom/common/keyboard.h **** /* Rules for No Event:
  46:../../tmk_core_custom/common/keyboard.h ****  * 1) (time == 0) to handle (keyevent_t){} as empty event
  47:../../tmk_core_custom/common/keyboard.h ****  * 2) Matrix(255, 255) to make TICK event available
  48:../../tmk_core_custom/common/keyboard.h ****  */
  49:../../tmk_core_custom/common/keyboard.h **** static inline bool IS_NOEVENT(keyevent_t event) { return event.time == 0 || (event.key.row == 255 &
  50:../../tmk_core_custom/common/keyboard.h **** static inline bool IS_PRESSED(keyevent_t event) { return (!IS_NOEVENT(event) && event.pressed); }
  51:../../tmk_core_custom/common/keyboard.h **** static inline bool IS_RELEASED(keyevent_t event) { return (!IS_NOEVENT(event) && !event.pressed); }
  52:../../tmk_core_custom/common/keyboard.h **** 
  53:../../tmk_core_custom/common/keyboard.h **** /* Tick event */
  54:../../tmk_core_custom/common/keyboard.h **** #define TICK                    (keyevent_t){           \
  55:../../tmk_core_custom/common/keyboard.h ****     .key = (keypos_t){ .row = 255, .col = 255 },           \
  56:../../tmk_core_custom/common/keyboard.h ****     .pressed = false,                                   \
  57:../../tmk_core_custom/common/keyboard.h ****     .time = (timer_read() | 1)                          \
  58:../../tmk_core_custom/common/keyboard.h **** }
  59:../../tmk_core_custom/common/keyboard.h **** 
  60:../../tmk_core_custom/common/keyboard.h **** 
  61:../../tmk_core_custom/common/keyboard.h **** void keyboard_init(void);
  62:../../tmk_core_custom/common/keyboard.h **** void keyboard_task(void);
  63:../../tmk_core_custom/common/keyboard.h **** void keyboard_set_leds(uint8_t leds);
  64:../../tmk_core_custom/common/keyboard.h **** 
  65:../../tmk_core_custom/common/keyboard.h **** __attribute__ ((weak)) void matrix_power_up(void) {}
  16               		.loc 1 65 0
  17               		.cfi_startproc
  18               	/* prologue: function */
  19               	/* frame size = 0 */
  20               	/* stack size = 0 */
  21               	.L__stack_usage = 0
  22 0000 0895      		ret
  23               		.cfi_endproc
  24               	.LFE4:
  26               		.section	.text.matrix_power_down,"ax",@progbits
  27               		.weak	matrix_power_down
  29               	matrix_power_down:
  30               	.LFB5:
  66:../../tmk_core_custom/common/keyboard.h **** __attribute__ ((weak)) void matrix_power_down(void) {}
  31               		.loc 1 66 0
  32               		.cfi_startproc
  33               	/* prologue: function */
  34               	/* frame size = 0 */
  35               	/* stack size = 0 */
  36               	.L__stack_usage = 0
  37 0000 0895      		ret
  38               		.cfi_endproc
  39               	.LFE5:
  41               	.global	fn_actions
  42               		.section	.progmem.data.fn_actions,"a",@progbits
  45               	fn_actions:
  46 0000 00D2      		.word	-11776
  47 0002 00D1      		.word	-12032
  48 0004 00D0      		.word	-12288
  49               	.global	keymaps
  50               		.section	.progmem.data.keymaps,"a",@progbits
  53               	keymaps:
  54 0000 29        		.byte	41
  55 0001 C0        		.byte	-64
  56 0002 C1        		.byte	-63
  57 0003 2A        		.byte	42
  58 0004 53        		.byte	83
  59 0005 C2        		.byte	-62
  60 0006 C3        		.byte	-61
  61 0007 57        		.byte	87
  62 0008 5F        		.byte	95
  63 0009 60        		.byte	96
  64 000a 61        		.byte	97
  65 000b 56        		.byte	86
  66 000c 5C        		.byte	92
  67 000d 5D        		.byte	93
  68 000e 5E        		.byte	94
  69 000f 55        		.byte	85
  70 0010 59        		.byte	89
  71 0011 5A        		.byte	90
  72 0012 5B        		.byte	91
  73 0013 54        		.byte	84
  74 0014 2E        		.byte	46
  75 0015 62        		.byte	98
  76 0016 63        		.byte	99
  77 0017 58        		.byte	88
  78               		.comm	keymap_config,1,1
  79               		.text
  80               	.Letext0:
  81               		.file 2 "/usr/local/CrossPack-AVR-20131216/avr/include/stdint.h"
  82               		.file 3 "../../tmk_core_custom/common/keycode.h"
  83               		.file 4 "../../tmk_core_custom/common/action_code.h"
  84               		.file 5 "../../tmk_core_custom/common/keymap.h"
  85               		.file 6 "../../tmk_core_custom/protocol/lufa/LUFA-git/LUFA/Drivers/USB/Core/USBTask.h"
  86               		.file 7 "keymap_mypad.c"
DEFINED SYMBOLS
                            *ABS*:00000000 keymap_mypad.c
/var/folders/21/2h6z05gn50s9p53ctp4w8vd00000gn/T//cc1KWlk9.s:2      *ABS*:0000003e __SP_H__
/var/folders/21/2h6z05gn50s9p53ctp4w8vd00000gn/T//cc1KWlk9.s:3      *ABS*:0000003d __SP_L__
/var/folders/21/2h6z05gn50s9p53ctp4w8vd00000gn/T//cc1KWlk9.s:4      *ABS*:0000003f __SREG__
/var/folders/21/2h6z05gn50s9p53ctp4w8vd00000gn/T//cc1KWlk9.s:5      *ABS*:00000000 __tmp_reg__
/var/folders/21/2h6z05gn50s9p53ctp4w8vd00000gn/T//cc1KWlk9.s:6      *ABS*:00000001 __zero_reg__
/var/folders/21/2h6z05gn50s9p53ctp4w8vd00000gn/T//cc1KWlk9.s:13     .text.matrix_power_up:00000000 matrix_power_up
/var/folders/21/2h6z05gn50s9p53ctp4w8vd00000gn/T//cc1KWlk9.s:29     .text.matrix_power_down:00000000 matrix_power_down
/var/folders/21/2h6z05gn50s9p53ctp4w8vd00000gn/T//cc1KWlk9.s:45     .progmem.data.fn_actions:00000000 fn_actions
/var/folders/21/2h6z05gn50s9p53ctp4w8vd00000gn/T//cc1KWlk9.s:53     .progmem.data.keymaps:00000000 keymaps
                            *COM*:00000001 keymap_config

UNDEFINED SYMBOLS
__do_clear_bss
