Archive member included because of file (symbol)

/usr/local/CrossPack-AVR-20131216/lib/gcc/avr/4.8.1/../../../../avr/lib/avr5/libm.a(fixsfsi.o)
                              obj_ghpad_lufa/common/mousekey.o (__fixsfsi)
/usr/local/CrossPack-AVR-20131216/lib/gcc/avr/4.8.1/../../../../avr/lib/avr5/libm.a(fixunssfsi.o)
                              /usr/local/CrossPack-AVR-20131216/lib/gcc/avr/4.8.1/../../../../avr/lib/avr5/libm.a(fixsfsi.o) (__fixunssfsi)
/usr/local/CrossPack-AVR-20131216/lib/gcc/avr/4.8.1/../../../../avr/lib/avr5/libm.a(floatsisf.o)
                              obj_ghpad_lufa/common/mousekey.o (__floatsisf)
/usr/local/CrossPack-AVR-20131216/lib/gcc/avr/4.8.1/../../../../avr/lib/avr5/libm.a(fp_split3.o)
                              /usr/local/CrossPack-AVR-20131216/lib/gcc/avr/4.8.1/../../../../avr/lib/avr5/libm.a(fixunssfsi.o) (__fp_splitA)
/usr/local/CrossPack-AVR-20131216/lib/gcc/avr/4.8.1/../../../../avr/lib/avr5/libm.a(fp_zero.o)
                              /usr/local/CrossPack-AVR-20131216/lib/gcc/avr/4.8.1/../../../../avr/lib/avr5/libm.a(fixunssfsi.o) (__fp_zero)
/usr/local/CrossPack-AVR-20131216/lib/gcc/avr/4.8.1/../../../../avr/lib/avr5/libm.a(mulsf3.o)
                              obj_ghpad_lufa/common/mousekey.o (__mulsf3)
/usr/local/CrossPack-AVR-20131216/lib/gcc/avr/4.8.1/../../../../avr/lib/avr5/libm.a(mulsf3x.o)
                              /usr/local/CrossPack-AVR-20131216/lib/gcc/avr/4.8.1/../../../../avr/lib/avr5/libm.a(mulsf3.o) (__mulsf3x)
/usr/local/CrossPack-AVR-20131216/lib/gcc/avr/4.8.1/../../../../avr/lib/avr5/libm.a(fp_inf.o)
                              /usr/local/CrossPack-AVR-20131216/lib/gcc/avr/4.8.1/../../../../avr/lib/avr5/libm.a(mulsf3x.o) (__fp_inf)
/usr/local/CrossPack-AVR-20131216/lib/gcc/avr/4.8.1/../../../../avr/lib/avr5/libm.a(fp_nan.o)
                              /usr/local/CrossPack-AVR-20131216/lib/gcc/avr/4.8.1/../../../../avr/lib/avr5/libm.a(mulsf3x.o) (__fp_nan)
/usr/local/CrossPack-AVR-20131216/lib/gcc/avr/4.8.1/../../../../avr/lib/avr5/libm.a(fp_pscA.o)
                              /usr/local/CrossPack-AVR-20131216/lib/gcc/avr/4.8.1/../../../../avr/lib/avr5/libm.a(mulsf3x.o) (__fp_pscA)
/usr/local/CrossPack-AVR-20131216/lib/gcc/avr/4.8.1/../../../../avr/lib/avr5/libm.a(fp_pscB.o)
                              /usr/local/CrossPack-AVR-20131216/lib/gcc/avr/4.8.1/../../../../avr/lib/avr5/libm.a(mulsf3x.o) (__fp_pscB)
/usr/local/CrossPack-AVR-20131216/lib/gcc/avr/4.8.1/../../../../avr/lib/avr5/libm.a(fp_round.o)
                              /usr/local/CrossPack-AVR-20131216/lib/gcc/avr/4.8.1/../../../../avr/lib/avr5/libm.a(mulsf3.o) (__fp_round)
/usr/local/CrossPack-AVR-20131216/lib/gcc/avr/4.8.1/avr5/libgcc.a(_divmodhi4.o)
                              obj_ghpad_lufa/common/action_util.o (__divmodhi4)
/usr/local/CrossPack-AVR-20131216/lib/gcc/avr/4.8.1/avr5/libgcc.a(_exit.o)
                              /usr/local/CrossPack-AVR-20131216/lib/gcc/avr/4.8.1/../../../../avr/lib/avr5/crtm32u4.o (exit)
/usr/local/CrossPack-AVR-20131216/lib/gcc/avr/4.8.1/avr5/libgcc.a(_tablejump.o)
                              obj_ghpad_lufa/protocol/lufa/LUFA-git/LUFA/Drivers/USB/Core/DeviceStandardReq.o (__tablejump2__)
/usr/local/CrossPack-AVR-20131216/lib/gcc/avr/4.8.1/avr5/libgcc.a(_copy_data.o)
                              obj_ghpad_lufa/matrix.o (__do_copy_data)
/usr/local/CrossPack-AVR-20131216/lib/gcc/avr/4.8.1/avr5/libgcc.a(_clear_bss.o)
                              obj_ghpad_lufa/keymap_mypad.o (__do_clear_bss)
/usr/local/CrossPack-AVR-20131216/lib/gcc/avr/4.8.1/avr5/libgcc.a(_udivmodhi4.o)
                              /usr/local/CrossPack-AVR-20131216/lib/gcc/avr/4.8.1/avr5/libgcc.a(_divmodhi4.o) (__udivmodhi4)
/usr/local/CrossPack-AVR-20131216/lib/gcc/avr/4.8.1/../../../../avr/lib/avr5/libc.a(eerd_byte_atmega32u4.o)
                              obj_ghpad_lufa/protocol/lufa/LUFA-git/LUFA/Drivers/USB/Core/AVR8/EndpointStream_AVR8.o (__eerd_byte_m32u4)
/usr/local/CrossPack-AVR-20131216/lib/gcc/avr/4.8.1/../../../../avr/lib/avr5/libc.a(eerd_word_atmega32u4.o)
                              obj_ghpad_lufa/common/avr/eeconfig.o (__eerd_word_m32u4)
/usr/local/CrossPack-AVR-20131216/lib/gcc/avr/4.8.1/../../../../avr/lib/avr5/libc.a(eeupd_byte_atmega32u4.o)
                              obj_ghpad_lufa/protocol/lufa/LUFA-git/LUFA/Drivers/USB/Core/AVR8/EndpointStream_AVR8.o (__eeupd_byte_m32u4)
/usr/local/CrossPack-AVR-20131216/lib/gcc/avr/4.8.1/../../../../avr/lib/avr5/libc.a(eewr_byte_atmega32u4.o)
                              obj_ghpad_lufa/common/avr/eeconfig.o (__eewr_byte_m32u4)
/usr/local/CrossPack-AVR-20131216/lib/gcc/avr/4.8.1/../../../../avr/lib/avr5/libc.a(eewr_word_atmega32u4.o)
                              obj_ghpad_lufa/common/avr/eeconfig.o (__eewr_word_m32u4)
/usr/local/CrossPack-AVR-20131216/lib/gcc/avr/4.8.1/../../../../avr/lib/avr5/libc.a(eerd_block_atmega32u4.o)
[...]
Memory Configuration

Name             Origin             Length             Attributes
text             0x00000000         0x00020000         xr
data             0x00800060         0x0000ffa0         rw !x
eeprom           0x00810000         0x00010000         rw !x
fuse             0x00820000         0x00000400         rw !x
lock             0x00830000         0x00000400         rw !x
signature        0x00840000         0x00000400         rw !x
user_signatures  0x00850000         0x00000400         rw !x
*default*        0x00000000         0xffffffff

Linker script and memory map

Address of section .data set to 0x800100
LOAD /usr/local/CrossPack-AVR-20131216/lib/gcc/avr/4.8.1/../../../../avr/lib/avr5/crtm32u4.o
LOAD obj_ghpad_lufa/keymap_mypad.o
LOAD obj_ghpad_lufa/keymap_common.o
LOAD obj_ghpad_lufa/matrix.o
LOAD obj_ghpad_lufa/led.o
LOAD obj_ghpad_lufa/backlight.o
LOAD obj_ghpad_lufa/ledmap.o
LOAD obj_ghpad_lufa/protocol/lufa/lufa.o
LOAD obj_ghpad_lufa/protocol/lufa/descriptor.o
LOAD obj_ghpad_lufa/protocol/lufa/LUFA-git/LUFA/Drivers/USB/Class/Common/HIDParser.o
LOAD obj_ghpad_lufa/protocol/lufa/LUFA-git/LUFA/Drivers/USB/Core/AVR8/Device_AVR8.o
LOAD obj_ghpad_lufa/protocol/lufa/LUFA-git/LUFA/Drivers/USB/Core/AVR8/EndpointStream_AVR8.o
LOAD obj_ghpad_lufa/protocol/lufa/LUFA-git/LUFA/Drivers/USB/Core/AVR8/Endpoint_AVR8.o
LOAD obj_ghpad_lufa/protocol/lufa/LUFA-git/LUFA/Drivers/USB/Core/AVR8/Host_AVR8.o
LOAD obj_ghpad_lufa/protocol/lufa/LUFA-git/LUFA/Drivers/USB/Core/AVR8/PipeStream_AVR8.o
LOAD obj_ghpad_lufa/protocol/lufa/LUFA-git/LUFA/Drivers/USB/Core/AVR8/Pipe_AVR8.o
LOAD obj_ghpad_lufa/protocol/lufa/LUFA-git/LUFA/Drivers/USB/Core/AVR8/USBController_AVR8.o
LOAD obj_ghpad_lufa/protocol/lufa/LUFA-git/LUFA/Drivers/USB/Core/AVR8/USBInterrupt_AVR8.o
LOAD obj_ghpad_lufa/protocol/lufa/LUFA-git/LUFA/Drivers/USB/Core/ConfigDescriptors.o
LOAD obj_ghpad_lufa/protocol/lufa/LUFA-git/LUFA/Drivers/USB/Core/DeviceStandardReq.o
LOAD obj_ghpad_lufa/protocol/lufa/LUFA-git/LUFA/Drivers/USB/Core/Events.o
LOAD obj_ghpad_lufa/protocol/lufa/LUFA-git/LUFA/Drivers/USB/Core/HostStandardReq.o
LOAD obj_ghpad_lufa/protocol/lufa/LUFA-git/LUFA/Drivers/USB/Core/USBTask.o
LOAD obj_ghpad_lufa/common/host.o
LOAD obj_ghpad_lufa/common/keyboard.o
LOAD obj_ghpad_lufa/common/action.o
LOAD obj_ghpad_lufa/common/action_tapping.o
LOAD obj_ghpad_lufa/common/action_macro.o
LOAD obj_ghpad_lufa/common/action_layer.o
LOAD obj_ghpad_lufa/common/action_util.o
LOAD obj_ghpad_lufa/common/keymap.o
LOAD obj_ghpad_lufa/common/print.o
LOAD obj_ghpad_lufa/common/debug.o
LOAD obj_ghpad_lufa/common/util.o
LOAD obj_ghpad_lufa/common/avr/suspend.o
LOAD obj_ghpad_lufa/common/avr/xprintf.o
LOAD obj_ghpad_lufa/common/avr/timer.o
LOAD obj_ghpad_lufa/common/avr/bootloader.o
LOAD obj_ghpad_lufa/common/bootmagic.o
LOAD obj_ghpad_lufa/common/avr/eeconfig.o
LOAD obj_ghpad_lufa/common/mousekey.o
LOAD obj_ghpad_lufa/common/command.o
LOAD obj_ghpad_lufa/common/softpwm_led.o
LOAD obj_ghpad_lufa/common/backlight.o
LOAD obj_ghpad_lufa/common/ledmap.o
LOAD obj_ghpad_lufa/common/ledmap_in_eeprom.o
LOAD /usr/local/CrossPack-AVR-20131216/lib/gcc/avr/4.8.1/../../../../avr/lib/avr5/libm.a
START GROUP
LOAD /usr/local/CrossPack-AVR-20131216/lib/gcc/avr/4.8.1/avr5/libgcc.a
LOAD /usr/local/CrossPack-AVR-20131216/lib/gcc/avr/4.8.1/../../../../avr/lib/avr5/libm.a
LOAD /usr/local/CrossPack-AVR-20131216/lib/gcc/avr/4.8.1/../../../../avr/lib/avr5/libc.a
END GROUP

.hash
 *(.hash)

.dynsym
 *(.dynsym)

.dynstr
 *(.dynstr)

.gnu.version
 *(.gnu.version)

.gnu.version_d
 *(.gnu.version_d)

.gnu.version_r
 *(.gnu.version_r)

.rel.init
 *(.rel.init)

.rela.init
 *(.rela.init)

.rel.text
 *(.rel.text)
 *(.rel.text.*)
 *(.rel.gnu.linkonce.t*)

.rela.text
 *(.rela.text)
 *(.rela.text.*)
 *(.rela.gnu.linkonce.t*)

.rel.fini
 *(.rel.fini)

.rela.fini
 *(.rela.fini)

.rel.rodata
 *(.rel.rodata)
 *(.rel.rodata.*)
 *(.rel.gnu.linkonce.r*)

.rela.rodata
 *(.rela.rodata)
 *(.rela.rodata.*)
 *(.rela.gnu.linkonce.r*)

.rel.data
 *(.rel.data)
 *(.rel.data.*)
 *(.rel.gnu.linkonce.d*)

.rela.data
 *(.rela.data)
 *(.rela.data.*)
 *(.rela.gnu.linkonce.d*)

.rel.ctors
 *(.rel.ctors)

.rela.ctors
 *(.rela.ctors)

.rel.dtors
 *(.rel.dtors)

.rela.dtors
 *(.rela.dtors)

.rel.got
 *(.rel.got)

.rela.got
 *(.rela.got)

.rel.bss
 *(.rel.bss)

.rela.bss
 *(.rela.bss)

.rel.plt
 *(.rel.plt)

.rela.plt
 *(.rela.plt)

.text           0x00000000     0x68be
 *(.vectors)
 .vectors       0x00000000       0xac /usr/local/CrossPack-AVR-20131216/lib/gcc/avr/4.8.1/../../../../avr/lib/avr5/crtm32u4.o
                0x00000000                __vectors
                0x00000000                __vector_default
 *(.vectors)
 *(.progmem.gcc*)
 .progmem.gcc_sw_table.USB_Device_ProcessControlRequest
                0x000000ac       0x14 obj_ghpad_lufa/protocol/lufa/LUFA-git/LUFA/Drivers/USB/Core/DeviceStandardReq.o
 .progmem.gcc_sw_table.process_action
                0x000000c0       0x20 obj_ghpad_lufa/common/action.o
 .progmem.gcc_sw_table.command_common
                0x000000e0       0x86 obj_ghpad_lufa/common/command.o
                0x00000166                . = ALIGN (0x2)
                0x00000166                __trampolines_start = .
 *(.trampolines)
 .trampolines   0x00000166        0x0 linker stubs
 *(.trampolines*)
                0x00000166                __trampolines_end = .
 *(.progmem*)
 .progmem.data.fn_actions
                0x00000166        0x6 obj_ghpad_lufa/keymap_mypad.o
                0x00000166                fn_actions
 .progmem.data.keymaps
                0x0000016c       0x18 obj_ghpad_lufa/keymap_mypad.o
                0x0000016c                keymaps
 .progmem.data.__c.1889
                0x00000184        0x2 obj_ghpad_lufa/matrix.o
 .progmem.data.__c.1887
                0x00000186        0x6 obj_ghpad_lufa/matrix.o
 .progmem.data.__c.1885
                0x0000018c        0x3 obj_ghpad_lufa/matrix.o
 .progmem.data.__c.1883
                0x0000018f        0x5 obj_ghpad_lufa/matrix.o
 .progmem.data.__c.1880
                0x00000194       0x17 obj_ghpad_lufa/matrix.o
 .progmem.data.__c.1858
                0x000001ab        0x2 obj_ghpad_lufa/matrix.o
 .progmem.data.__c.1856
                0x000001ad        0x5 obj_ghpad_lufa/matrix.o
 .progmem.data.__c.1854
                0x000001b2        0xa obj_ghpad_lufa/matrix.o
 .progmem.data.backlight_table
                0x000001bc        0x4 obj_ghpad_lufa/backlight.o
 .progmem.data.ledmaps
                0x000001c0        0xa obj_ghpad_lufa/ledmap.o
 .progmem.data.__c.4763
                0x000001ca        0x4 obj_ghpad_lufa/protocol/lufa/lufa.o
 .progmem.data.__c.4761
                0x000001ce       0x11 obj_ghpad_lufa/protocol/lufa/lufa.o
 .progmem.data.__c.4759
                0x000001df       0x11 obj_ghpad_lufa/protocol/lufa/lufa.o
 .progmem.data.__c.4667
                0x000001f0        0x4 obj_ghpad_lufa/protocol/lufa/lufa.o
 .progmem.data.__c.4663
                0x000001f4        0x4 obj_ghpad_lufa/protocol/lufa/lufa.o
 .progmem.data.__c.4659
                0x000001f8        0x4 obj_ghpad_lufa/protocol/lufa/lufa.o
 .progmem.data.__c.4654
                0x000001fc        0x4 obj_ghpad_lufa/protocol/lufa/lufa.o
 .progmem.data.__c.4649
                0x00000200        0x4 obj_ghpad_lufa/protocol/lufa/lufa.o
 .progmem.data.ProductString
                0x00000204        0xe obj_ghpad_lufa/protocol/lufa/descriptor.o
                0x00000204                ProductString
 .progmem.data.ManufacturerString
                0x00000212       0x14 obj_ghpad_lufa/protocol/lufa/descriptor.o
                0x00000212                ManufacturerString
 .progmem.data.LanguageString
                0x00000226        0x4 obj_ghpad_lufa/protocol/lufa/descriptor.o
                0x00000226                LanguageString
 .progmem.data.ConfigurationDescriptor
                0x0000022a       0x8d obj_ghpad_lufa/protocol/lufa/descriptor.o
                0x0000022a                ConfigurationDescriptor
 .progmem.data.DeviceDescriptor
                0x000002b7       0x12 obj_ghpad_lufa/protocol/lufa/descriptor.o
                0x000002b7                DeviceDescriptor
 .progmem.data.NKROReport
                0x000002c9       0x39 obj_ghpad_lufa/protocol/lufa/descriptor.o
                0x000002c9                NKROReport
 .progmem.data.ConsoleReport
                0x00000302       0x20 obj_ghpad_lufa/protocol/lufa/descriptor.o
                0x00000302                ConsoleReport
 .progmem.data.ExtrakeyReport
                0x00000322       0x36 obj_ghpad_lufa/protocol/lufa/descriptor.o
                0x00000322                ExtrakeyReport
 .progmem.data.MouseReport
                0x00000358       0x4d obj_ghpad_lufa/protocol/lufa/descriptor.o
                0x00000358                MouseReport
 .progmem.data.KeyboardReport
                0x000003a5       0x3f obj_ghpad_lufa/protocol/lufa/descriptor.o
                0x000003a5                KeyboardReport
 .progmem.data.__c.4417
                0x000003e4        0x2 obj_ghpad_lufa/common/host.o
 .progmem.data.__c.4412
                0x000003e6        0x6 obj_ghpad_lufa/common/host.o
 .progmem.data.__c.4409
                0x000003ec       0x12 obj_ghpad_lufa/common/host.o
 .progmem.data.__c.4864
                0x000003fe        0x2 obj_ghpad_lufa/common/keyboard.o
 .progmem.data.__c.4862
                0x00000400        0x5 obj_ghpad_lufa/common/keyboard.o
 .progmem.data.__c.4860
                0x00000405       0x13 obj_ghpad_lufa/common/keyboard.o
 .progmem.data.__c.4561
                0x00000418       0x1e obj_ghpad_lufa/common/action_util.o
 .progmem.data.__c.4556
                0x00000436       0x1e obj_ghpad_lufa/common/action_util.o
 .progmem.data.__c.4727
                0x00000454        0x7 obj_ghpad_lufa/common/bootmagic.o
 .progmem.data.__c.4721
                0x0000045b       0x15 obj_ghpad_lufa/common/bootmagic.o
 .progmem.data.__c.4489
                0x00000470        0x3 obj_ghpad_lufa/common/mousekey.o
 .progmem.data.__c.4487
                0x00000473        0x3 obj_ghpad_lufa/common/mousekey.o
 .progmem.data.__c.4485
                0x00000476        0x2 obj_ghpad_lufa/common/mousekey.o
 .progmem.data.__c.4483
                0x00000478        0x3 obj_ghpad_lufa/common/mousekey.o
 .progmem.data.__c.4481
                0x0000047b        0x3 obj_ghpad_lufa/common/mousekey.o
 .progmem.data.__c.4479
                0x0000047e        0x3 obj_ghpad_lufa/common/mousekey.o
 .progmem.data.__c.4477
                0x00000481        0x2 obj_ghpad_lufa/common/mousekey.o
 .progmem.data.__c.4475
                0x00000483        0x3 obj_ghpad_lufa/common/mousekey.o
 .progmem.data.__c.4473
                0x00000486        0x2 obj_ghpad_lufa/common/mousekey.o
 .progmem.data.__c.4471
                0x00000488        0x3 obj_ghpad_lufa/common/mousekey.o
 .progmem.data.__c.4469
                0x0000048b        0x2 obj_ghpad_lufa/common/mousekey.o
 .progmem.data.__c.4467
                0x0000048d        0x3 obj_ghpad_lufa/common/mousekey.o
 .progmem.data.__c.4465
                0x00000490        0x2 obj_ghpad_lufa/common/mousekey.o
 .progmem.data.__c.4463
                0x00000492        0x5 obj_ghpad_lufa/common/mousekey.o
 .progmem.data.__c.4461
                0x00000497       0x23 obj_ghpad_lufa/common/mousekey.o
 .progmem.data.__c.5221
                0x000004ba        0x2 obj_ghpad_lufa/common/command.o
 .progmem.data.__c.5219
                0x000004bc        0x3 obj_ghpad_lufa/common/command.o
 .progmem.data.__c.5217
                0x000004bf       0x18 obj_ghpad_lufa/common/command.o
 .progmem.data.__c.5214
                0x000004d7        0x2 obj_ghpad_lufa/common/command.o
 .progmem.data.__c.5212
                0x000004d9        0x3 obj_ghpad_lufa/common/command.o
 .progmem.data.__c.5210
                0x000004dc       0x16 obj_ghpad_lufa/common/command.o
 .progmem.data.__c.5207
                0x000004f2        0x2 obj_ghpad_lufa/common/command.o
 .progmem.data.__c.5205
                0x000004f4        0x3 obj_ghpad_lufa/common/command.o
 .progmem.data.__c.5203
                0x000004f7       0x12 obj_ghpad_lufa/common/command.o
 .progmem.data.__c.5200
                0x00000509        0x2 obj_ghpad_lufa/common/command.o
 .progmem.data.__c.5198
                0x0000050b        0x3 obj_ghpad_lufa/common/command.o
 .progmem.data.__c.5196
                0x0000050e       0x10 obj_ghpad_lufa/common/command.o
 .progmem.data.__c.5193
                0x0000051e        0x2 obj_ghpad_lufa/common/command.o
 .progmem.data.__c.5191
                0x00000520        0x3 obj_ghpad_lufa/common/command.o
 .progmem.data.__c.5189
                0x00000523        0xf obj_ghpad_lufa/common/command.o
 .progmem.data.__c.5185
                0x00000532        0x2 obj_ghpad_lufa/common/command.o
 .progmem.data.__c.5183
                0x00000534        0x3 obj_ghpad_lufa/common/command.o
 .progmem.data.__c.5181
                0x00000537        0xc obj_ghpad_lufa/common/command.o
 .progmem.data.__c.5174
                0x00000543        0x2 obj_ghpad_lufa/common/command.o
 .progmem.data.__c.5172
                0x00000545        0x3 obj_ghpad_lufa/common/command.o
 .progmem.data.__c.5170
                0x00000548       0x18 obj_ghpad_lufa/common/command.o
 .progmem.data.__c.5167
                0x00000560        0x2 obj_ghpad_lufa/common/command.o
 .progmem.data.__c.5165
                0x00000562        0x3 obj_ghpad_lufa/common/command.o
 .progmem.data.__c.5163
                0x00000565       0x16 obj_ghpad_lufa/common/command.o
 .progmem.data.__c.5160
                0x0000057b        0x2 obj_ghpad_lufa/common/command.o
 .progmem.data.__c.5158
                0x0000057d        0x3 obj_ghpad_lufa/common/command.o
 .progmem.data.__c.5156
                0x00000580       0x12 obj_ghpad_lufa/common/command.o
 .progmem.data.__c.5153
                0x00000592        0x2 obj_ghpad_lufa/common/command.o
 .progmem.data.__c.5151
                0x00000594        0x3 obj_ghpad_lufa/common/command.o
 .progmem.data.__c.5149
                0x00000597       0x10 obj_ghpad_lufa/common/command.o
 .progmem.data.__c.5146
                0x000005a7        0x2 obj_ghpad_lufa/common/command.o
 .progmem.data.__c.5144
                0x000005a9        0x3 obj_ghpad_lufa/common/command.o
 .progmem.data.__c.5142
                0x000005ac        0xf obj_ghpad_lufa/common/command.o
 .progmem.data.__c.5138
                0x000005bb        0x2 obj_ghpad_lufa/common/command.o
 .progmem.data.__c.5136
                0x000005bd        0x3 obj_ghpad_lufa/common/command.o
 .progmem.data.__c.5134
                0x000005c0        0xc obj_ghpad_lufa/common/command.o
 .progmem.data.__c.5127
                0x000005cc        0x2 obj_ghpad_lufa/common/command.o
 .progmem.data.__c.5125
                0x000005ce        0x3 obj_ghpad_lufa/common/command.o
 .progmem.data.__c.5123
                0x000005d1       0x1a obj_ghpad_lufa/common/command.o
 .progmem.data.__c.5121
                0x000005eb        0x2 obj_ghpad_lufa/common/command.o
 .progmem.data.__c.5119
                0x000005ed        0x3 obj_ghpad_lufa/common/command.o
 .progmem.data.__c.5117
                0x000005f0       0x18 obj_ghpad_lufa/common/command.o
 .progmem.data.__c.5115
                0x00000608        0x2 obj_ghpad_lufa/common/command.o
 .progmem.data.__c.5113
                0x0000060a        0x3 obj_ghpad_lufa/common/command.o
 .progmem.data.__c.5111
                0x0000060d       0x14 obj_ghpad_lufa/common/command.o
 .progmem.data.__c.5109
                0x00000621        0x2 obj_ghpad_lufa/common/command.o
 .progmem.data.__c.5107
                0x00000623        0x3 obj_ghpad_lufa/common/command.o
 .progmem.data.__c.5105
                0x00000626       0x12 obj_ghpad_lufa/common/command.o
 .progmem.data.__c.5103
                0x00000638        0x2 obj_ghpad_lufa/common/command.o
 .progmem.data.__c.5101
                0x0000063a        0x3 obj_ghpad_lufa/common/command.o
 .progmem.data.__c.5099
                0x0000063d       0x15 obj_ghpad_lufa/common/command.o
 .progmem.data.__c.5097
                0x00000652        0x2 obj_ghpad_lufa/common/command.o
 .progmem.data.__c.5095
                0x00000654        0x3 obj_ghpad_lufa/common/command.o
 .progmem.data.__c.5093
                0x00000657       0x15 obj_ghpad_lufa/common/command.o
 .progmem.data.__c.5091
                0x0000066c       0x23 obj_ghpad_lufa/common/command.o
 .progmem.data.__c.5311
                0x0000068f        0x3 obj_ghpad_lufa/common/command.o
 .progmem.data.__c.5309
                0x00000692        0x3 obj_ghpad_lufa/common/command.o
 .progmem.data.__c.5307
                0x00000695        0x2 obj_ghpad_lufa/common/command.o
 .progmem.data.__c.5305
                0x00000697        0x2 obj_ghpad_lufa/common/command.o
 .progmem.data.__c.5302
                0x00000699       0x15 obj_ghpad_lufa/common/command.o
 .progmem.data.__c.5295
                0x000006ae        0x2 obj_ghpad_lufa/common/command.o
 .progmem.data.__c.5293
                0x000006b0        0x3 obj_ghpad_lufa/common/command.o
 .progmem.data.__c.5291
                0x000006b3       0x15 obj_ghpad_lufa/common/command.o
 .progmem.data.__c.5278
                0x000006c8        0x4 obj_ghpad_lufa/common/command.o
 .progmem.data.__c.5276
                0x000006cc       0x18 obj_ghpad_lufa/common/command.o
 .progmem.data.__c.5266
                0x000006e4       0x2d obj_ghpad_lufa/common/command.o
 .progmem.data.__c.5264
                0x00000711        0x2 obj_ghpad_lufa/common/command.o
 .progmem.data.__c.5262
                0x00000713        0x3 obj_ghpad_lufa/common/command.o
 .progmem.data.__c.5260
                0x00000716        0x9 obj_ghpad_lufa/common/command.o
 .progmem.data.__c.5258
                0x0000071f        0x3 obj_ghpad_lufa/common/command.o
 .progmem.data.__c.5256
                0x00000722       0x15 obj_ghpad_lufa/common/command.o
 .progmem.data.__c.5254
                0x00000737       0x35 obj_ghpad_lufa/common/command.o
 .progmem.data.__c.5252
                0x0000076c       0x22 obj_ghpad_lufa/common/command.o
 .progmem.data.__c.5250
                0x0000078e       0x20 obj_ghpad_lufa/common/command.o
 .progmem.data.__c.5248
                0x000007ae       0x1f obj_ghpad_lufa/common/command.o
 .progmem.data.__c.5246
                0x000007cd       0x1d obj_ghpad_lufa/common/command.o
 .progmem.data.__c.5244
                0x000007ea       0x17 obj_ghpad_lufa/common/command.o
 .progmem.data.__c.5242
                0x00000801       0x15 obj_ghpad_lufa/common/command.o
 .progmem.data.__c.5240
                0x00000816       0x20 obj_ghpad_lufa/common/command.o
 .progmem.data.__c.5238
                0x00000836       0x1e obj_ghpad_lufa/common/command.o
 .progmem.data.__c.5236
                0x00000854       0x1a obj_ghpad_lufa/common/command.o
 .progmem.data.__c.5234
                0x0000086e       0x18 obj_ghpad_lufa/common/command.o
 .progmem.data.__c.5232
                0x00000886       0x1b obj_ghpad_lufa/common/command.o
 .progmem.data.__c.5230
                0x000008a1       0x1b obj_ghpad_lufa/common/command.o
 .progmem.data.__c.5228
                0x000008bc        0xd obj_ghpad_lufa/common/command.o
 .progmem.data.__c.5226
                0x000008c9       0x28 obj_ghpad_lufa/common/command.o
 .progmem.data.__c.5083
                0x000008f1        0x2 obj_ghpad_lufa/common/command.o
 .progmem.data.__c.5080
                0x000008f3        0x4 obj_ghpad_lufa/common/command.o
 .progmem.data.__c.5078
                0x000008f7       0x19 obj_ghpad_lufa/common/command.o
 .progmem.data.__c.5075
                0x00000910       0x14 obj_ghpad_lufa/common/command.o
 .progmem.data.__c.5085
                0x00000924        0x4 obj_ghpad_lufa/common/command.o
 .progmem.data.__c.5337
                0x00000928        0x2 obj_ghpad_lufa/common/command.o
 .progmem.data.__c.5335
                0x0000092a        0x3 obj_ghpad_lufa/common/command.o
 .progmem.data.__c.5333
                0x0000092d        0x5 obj_ghpad_lufa/common/command.o
 .progmem.data.__c.5331
                0x00000932        0x3 obj_ghpad_lufa/common/command.o
 .progmem.data.__c.5329
                0x00000935       0x17 obj_ghpad_lufa/common/command.o
 .progmem.data.__c.5065
                0x0000094c        0xd obj_ghpad_lufa/common/command.o
 .progmem.data.__c.5063
                0x00000959        0xd obj_ghpad_lufa/common/command.o
 .progmem.data.__c.5061
                0x00000966       0x1c obj_ghpad_lufa/common/command.o
 .progmem.data.__c.4858
                0x00000982       0x1a obj_ghpad_lufa/common/command.o
 .progmem.data.__c.4856
                0x0000099c       0x22 obj_ghpad_lufa/common/command.o
 .progmem.data.__c.4854
                0x000009be       0x21 obj_ghpad_lufa/common/command.o
 .progmem.data.__c.4852
                0x000009df       0x19 obj_ghpad_lufa/common/command.o
 .progmem.data.__c.4850
                0x000009f8       0x19 obj_ghpad_lufa/common/command.o
 .progmem.data.__c.4848
                0x00000a11       0x19 obj_ghpad_lufa/common/command.o
 .progmem.data.__c.4846
                0x00000a2a       0x19 obj_ghpad_lufa/common/command.o
 .progmem.data.__c.4844
                0x00000a43       0x1a obj_ghpad_lufa/common/command.o
 .progmem.data.__c.4842
                0x00000a5d       0x10 obj_ghpad_lufa/common/command.o
 .progmem.data.__c.4840
                0x00000a6d       0x18 obj_ghpad_lufa/common/command.o
 .progmem.data.__c.4838
                0x00000a85       0x11 obj_ghpad_lufa/common/command.o
 .progmem.data.__c.4836
                0x00000a96       0x16 obj_ghpad_lufa/common/command.o
 .progmem.data.__c.4834
                0x00000aac       0x20 obj_ghpad_lufa/common/command.o
 .progmem.data.__c.4832
                0x00000acc       0x17 obj_ghpad_lufa/common/command.o
 .progmem.data.__c.4830
                0x00000ae3       0x1a obj_ghpad_lufa/common/command.o
 .progmem.data.__c.4828
                0x00000afd       0x18 obj_ghpad_lufa/common/command.o
 .progmem.data.__c.4826
                0x00000b15       0x18 obj_ghpad_lufa/common/command.o
 .progmem.data.__c.4824
                0x00000b2d       0x17 obj_ghpad_lufa/common/command.o
 .progmem.data.__c.4822
                0x00000b44       0x1c obj_ghpad_lufa/common/command.o
 .progmem.data.__c.4972
                0x00000b60        0x2 obj_ghpad_lufa/common/command.o
 .progmem.data.__c.4970
                0x00000b62        0x3 obj_ghpad_lufa/common/command.o
 .progmem.data.__c.4968
                0x00000b65        0x9 obj_ghpad_lufa/common/command.o
 .progmem.data.__c.4966
                0x00000b6e        0x2 obj_ghpad_lufa/common/command.o
 .progmem.data.__c.4964
                0x00000b70        0x3 obj_ghpad_lufa/common/command.o
 .progmem.data.__c.4962
                0x00000b73        0xa obj_ghpad_lufa/common/command.o
 .progmem.data.__c.4960
                0x00000b7d        0x2 obj_ghpad_lufa/common/command.o
 .progmem.data.__c.4958
                0x00000b7f        0x5 obj_ghpad_lufa/common/command.o
 .progmem.data.__c.4956
                0x00000b84       0x17 obj_ghpad_lufa/common/command.o
 .progmem.data.__c.4953
                0x00000b9b        0x2 obj_ghpad_lufa/common/command.o
 .progmem.data.__c.4951
                0x00000b9d        0x3 obj_ghpad_lufa/common/command.o
 .progmem.data.__c.4949
                0x00000ba0        0x8 obj_ghpad_lufa/common/command.o
 .progmem.data.__c.4947
                0x00000ba8        0x2 obj_ghpad_lufa/common/command.o
 .progmem.data.__c.4945
                0x00000baa        0x3 obj_ghpad_lufa/common/command.o
 .progmem.data.__c.4943
                0x00000bad       0x1c obj_ghpad_lufa/common/command.o
 .progmem.data.__c.4941
                0x00000bc9        0x2 obj_ghpad_lufa/common/command.o
 .progmem.data.__c.4939
                0x00000bcb        0x3 obj_ghpad_lufa/common/command.o
 .progmem.data.__c.4937
                0x00000bce       0x12 obj_ghpad_lufa/common/command.o
 .progmem.data.__c.4935
                0x00000be0        0x2 obj_ghpad_lufa/common/command.o
 .progmem.data.__c.4933
                0x00000be2        0x3 obj_ghpad_lufa/common/command.o
 .progmem.data.__c.4931
                0x00000be5        0xa obj_ghpad_lufa/common/command.o
 .progmem.data.__c.4929
                0x00000bef        0x2 obj_ghpad_lufa/common/command.o
 .progmem.data.__c.4927
                0x00000bf1        0x3 obj_ghpad_lufa/common/command.o
 .progmem.data.__c.4925
                0x00000bf4       0x12 obj_ghpad_lufa/common/command.o
 .progmem.data.__c.4923
                0x00000c06        0x2 obj_ghpad_lufa/common/command.o
 .progmem.data.__c.4921
                0x00000c08        0x3 obj_ghpad_lufa/common/command.o
 .progmem.data.__c.4919
                0x00000c0b       0x12 obj_ghpad_lufa/common/command.o
 .progmem.data.__c.4917
                0x00000c1d        0x2 obj_ghpad_lufa/common/command.o
 .progmem.data.__c.4915
                0x00000c1f        0x3 obj_ghpad_lufa/common/command.o
 .progmem.data.__c.4913
                0x00000c22       0x17 obj_ghpad_lufa/common/command.o
 .progmem.data.__c.4911
                0x00000c39        0x2 obj_ghpad_lufa/common/command.o
 .progmem.data.__c.4909
                0x00000c3b        0x3 obj_ghpad_lufa/common/command.o
 .progmem.data.__c.4907
                0x00000c3e       0x19 obj_ghpad_lufa/common/command.o
 .progmem.data.__c.4905
                0x00000c57        0x2 obj_ghpad_lufa/common/command.o
 .progmem.data.__c.4903
                0x00000c59        0x5 obj_ghpad_lufa/common/command.o
 .progmem.data.__c.4901
                0x00000c5e       0x14 obj_ghpad_lufa/common/command.o
 .progmem.data.__c.4898
                0x00000c72        0x2 obj_ghpad_lufa/common/command.o
 .progmem.data.__c.4896
                0x00000c74        0x3 obj_ghpad_lufa/common/command.o
 .progmem.data.__c.4894
                0x00000c77        0x9 obj_ghpad_lufa/common/command.o
 .progmem.data.__c.4892
                0x00000c80        0x2 obj_ghpad_lufa/common/command.o
 .progmem.data.__c.4890
                0x00000c82        0x3 obj_ghpad_lufa/common/command.o
 .progmem.data.__c.4888
                0x00000c85        0xc obj_ghpad_lufa/common/command.o
 .progmem.data.__c.4886
                0x00000c91        0x2 obj_ghpad_lufa/common/command.o
 .progmem.data.__c.4884
                0x00000c93        0x3 obj_ghpad_lufa/common/command.o
 .progmem.data.__c.4882
                0x00000c96        0xa obj_ghpad_lufa/common/command.o
 .progmem.data.__c.4880
                0x00000ca0        0x2 obj_ghpad_lufa/common/command.o
 .progmem.data.__c.4878
                0x00000ca2        0x3 obj_ghpad_lufa/common/command.o
 .progmem.data.__c.4876
                0x00000ca5        0xa obj_ghpad_lufa/common/command.o
 .progmem.data.__c.4874
                0x00000caf        0x2 obj_ghpad_lufa/common/command.o
 .progmem.data.__c.4872
                0x00000cb1        0x5 obj_ghpad_lufa/common/command.o
 .progmem.data.__c.4870
                0x00000cb6       0x13 obj_ghpad_lufa/common/command.o
 .progmem.data.__c.4867
                0x00000cc9        0x2 obj_ghpad_lufa/common/command.o
 .progmem.data.__c.4865
                0x00000ccb        0x3 obj_ghpad_lufa/common/command.o
 .progmem.data.__c.4863
                0x00000cce       0x10 obj_ghpad_lufa/common/command.o
 .progmem.data.__c.5056
                0x00000cde        0x2 obj_ghpad_lufa/common/command.o
 .progmem.data.__c.5047
                0x00000ce0       0x10 obj_ghpad_lufa/common/command.o
 .progmem.data.__c.5045
                0x00000cf0        0xf obj_ghpad_lufa/common/command.o
 .progmem.data.__c.5042
                0x00000cff       0x13 obj_ghpad_lufa/common/command.o
 .progmem.data.__c.5040
                0x00000d12       0x17 obj_ghpad_lufa/common/command.o
 .progmem.data.__c.5038
                0x00000d29       0x1a obj_ghpad_lufa/common/command.o
 .progmem.data.__c.5036
                0x00000d43       0x16 obj_ghpad_lufa/common/command.o
 .progmem.data.__c.5033
                0x00000d59       0x14 obj_ghpad_lufa/common/command.o
 .progmem.data.__c.5030
                0x00000d6d       0x2e obj_ghpad_lufa/common/command.o
 .progmem.data.__c.5028
                0x00000d9b       0x86 obj_ghpad_lufa/common/command.o
 .progmem.data.__c.5026
                0x00000e21       0x27 obj_ghpad_lufa/common/command.o
 .progmem.data.__c.5024
                0x00000e48       0x36 obj_ghpad_lufa/common/command.o
 .progmem.data.__c.5022
                0x00000e7e       0x2a obj_ghpad_lufa/common/command.o
 .progmem.data.__c.5020
                0x00000ea8       0x17 obj_ghpad_lufa/common/command.o
 .progmem.data.__c.5017
                0x00000ebf       0x19 obj_ghpad_lufa/common/command.o
 .progmem.data.__c.5015
                0x00000ed8       0x18 obj_ghpad_lufa/common/command.o
 .progmem.data.__c.5012
                0x00000ef0       0x1c obj_ghpad_lufa/common/command.o
 .progmem.data.__c.5010
                0x00000f0c       0x1b obj_ghpad_lufa/common/command.o
 .progmem.data.__c.5007
                0x00000f27       0x1a obj_ghpad_lufa/common/command.o
 .progmem.data.__c.5005
                0x00000f41       0x19 obj_ghpad_lufa/common/command.o
 .progmem.data.__c.5002
                0x00000f5a       0x12 obj_ghpad_lufa/common/command.o
 .progmem.data.__c.5000
                0x00000f6c       0x13 obj_ghpad_lufa/common/command.o
 .progmem.data.__c.4997
                0x00000f7f       0x10 obj_ghpad_lufa/common/command.o
 .progmem.data.__c.4995
                0x00000f8f       0x19 obj_ghpad_lufa/common/command.o
 .progmem.data.__c.4992
                0x00000fa8        0x4 obj_ghpad_lufa/common/command.o
 .progmem.data.__c.4990
                0x00000fac       0x15 obj_ghpad_lufa/common/command.o
 .progmem.data.__c.4985
                0x00000fc1        0xb obj_ghpad_lufa/common/command.o
 .progmem.data.__c.4983
                0x00000fcc        0x9 obj_ghpad_lufa/common/command.o
 .progmem.data.__c.4979
                0x00000fd5        0xb obj_ghpad_lufa/common/command.o
 .progmem.data.breathing_table
                0x00000fe0       0x80 obj_ghpad_lufa/common/softpwm_led.o
 .progmem.data.__c.1770
                0x00001060       0x14 obj_ghpad_lufa/common/backlight.o
 .progmem.data.__c.1765
                0x00001074       0x16 obj_ghpad_lufa/common/backlight.o
 .progmem.data.__c.1760
                0x0000108a       0x1f obj_ghpad_lufa/common/backlight.o
 .progmem.data.__c.1755
                0x000010a9       0x1f obj_ghpad_lufa/common/backlight.o
                0x000010c8                . = ALIGN (0x2)
 *(.jumptables)
 *(.jumptables*)
 *(.lowtext)
 *(.lowtext*)
                0x000010c8                __ctors_start = .
 *(.ctors)
                0x000010c8                __ctors_end = .
                0x000010c8                __dtors_start = .
 *(.dtors)
                0x000010c8                __dtors_end = .
 SORT(*)(.ctors)
 SORT(*)(.dtors)
 *(.init0)
 .init0         0x000010c8        0x0 /usr/local/CrossPack-AVR-20131216/lib/gcc/avr/4.8.1/../../../../avr/lib/avr5/crtm32u4.o
                0x000010c8                __init
 *(.init0)
 *(.init1)
 *(.init1)
 *(.init2)
 .init2         0x000010c8        0xc /usr/local/CrossPack-AVR-20131216/lib/gcc/avr/4.8.1/../../../../avr/lib/avr5/crtm32u4.o
 *(.init2)
 *(.init3)
 .init3         0x000010d4       0x4e obj_ghpad_lufa/common/avr/bootloader.o
                0x000010d4                bootloader_jump_after_watchdog_reset
 *(.init3)
 *(.init4)
 .init4         0x00001122       0x16 /usr/local/CrossPack-AVR-20131216/lib/gcc/avr/4.8.1/avr5/libgcc.a(_copy_data.o)
                0x00001122                __do_copy_data
 .init4         0x00001138       0x10 /usr/local/CrossPack-AVR-20131216/lib/gcc/avr/4.8.1/avr5/libgcc.a(_clear_bss.o)
                0x00001138                __do_clear_bss
 *(.init4)
 *(.init5)
 *(.init5)
 *(.init6)
 *(.init6)
 *(.init7)
 *(.init7)
 *(.init8)
 *(.init8)
 *(.init9)
 .init9         0x00001148        0x8 /usr/local/CrossPack-AVR-20131216/lib/gcc/avr/4.8.1/../../../../avr/lib/avr5/crtm32u4.o
 *(.init9)
 *(.text)
 .text          0x00001150        0x4 /usr/local/CrossPack-AVR-20131216/lib/gcc/avr/4.8.1/../../../../avr/lib/avr5/crtm32u4.o
                0x00001150                __vector_42
                0x00001150                __vector_22
                0x00001150                __vector_28
                0x00001150                __vector_1
                0x00001150                __vector_32
                0x00001150                __vector_34
                0x00001150                __vector_24
                0x00001150                __bad_interrupt
                0x00001150                __vector_6
                0x00001150                __vector_31
                0x00001150                __vector_35
                0x00001150                __vector_39
                0x00001150                __vector_3
                0x00001150                __vector_23
                0x00001150                __vector_30
                0x00001150                __vector_25
                0x00001150                __vector_13
                0x00001150                __vector_19
                0x00001150                __vector_7
                0x00001150                __vector_41
                0x00001150                __vector_27
                0x00001150                __vector_5
                0x00001150                __vector_33
                0x00001150                __vector_37
                0x00001150                __vector_4
                0x00001150                __vector_9
                0x00001150                __vector_2
                0x00001150                __vector_15
                0x00001150                __vector_36
                0x00001150                __vector_29
                0x00001150                __vector_40
                0x00001150                __vector_8
                0x00001150                __vector_26
                0x00001150                __vector_14
                0x00001150                __vector_16
                0x00001150                __vector_18
                0x00001150                __vector_20
                0x00001150                __vector_38
 .text          0x00001154      0x15c obj_ghpad_lufa/common/avr/xprintf.o
                0x00001154                xputc
                0x0000116c                xputs
                0x0000117a                xitoa
                0x0000129e                __xprintf
                0x000012b0                . = ALIGN (0x2)
 *(.text.*)
 .text.matrix_power_up
                0x000012b0        0x2 obj_ghpad_lufa/keymap_mypad.o
                0x000012b0                matrix_power_up
 .text.matrix_power_down
                0x000012b2        0x2 obj_ghpad_lufa/keymap_mypad.o
                0x000012b2                matrix_power_down
 .text.keymap_key_to_keycode
                0x000012b4       0x22 obj_ghpad_lufa/keymap_common.o
                0x000012b4                keymap_key_to_keycode
 .text.keymap_fn_to_action
                0x000012d6       0x12 obj_ghpad_lufa/keymap_common.o
                0x000012d6                keymap_fn_to_action
 .text.unselect_rows
                0x000012e8       0x16 obj_ghpad_lufa/matrix.o
 .text.matrix_init
                0x000012fe       0x30 obj_ghpad_lufa/matrix.o
                0x000012fe                matrix_init
 .text.matrix_scan
                0x0000132e      0x13a obj_ghpad_lufa/matrix.o
                0x0000132e                matrix_scan
 .text.matrix_is_on
                0x00001468       0x28 obj_ghpad_lufa/matrix.o
                0x00001468                matrix_is_on
 .text.matrix_get_row
                0x00001490        0xc obj_ghpad_lufa/matrix.o
                0x00001490                matrix_get_row
 .text.matrix_print
                0x0000149c       0x8e obj_ghpad_lufa/matrix.o
                0x0000149c                matrix_print
 .text.backlight_set
                0x0000152a       0x8c obj_ghpad_lufa/backlight.o
                0x0000152a                backlight_set
 .text.action_keyevent
                0x000015b6       0x58 obj_ghpad_lufa/backlight.o
                0x000015b6                action_keyevent
 .text.ledmap_get_code
                0x0000160e       0x12 obj_ghpad_lufa/ledmap.o
                0x0000160e                ledmap_get_code
 .text.ledmap_led_init
                0x00001620       0x16 obj_ghpad_lufa/ledmap.o
                0x00001620                ledmap_led_init
 .text.ledmap_led_on
                0x00001636       0x2e obj_ghpad_lufa/ledmap.o
                0x00001636                ledmap_led_on
 .text.ledmap_led_off
                0x00001664       0x2e obj_ghpad_lufa/ledmap.o
                0x00001664                ledmap_led_off
 .text.keyboard_leds
                0x00001692        0x6 obj_ghpad_lufa/protocol/lufa/lufa.o
 .text.sendchar
                0x00001698       0xa8 obj_ghpad_lufa/protocol/lufa/lufa.o
                0x00001698                sendchar
 .text.send_consumer
                0x00001740       0x66 obj_ghpad_lufa/protocol/lufa/lufa.o
 .text.send_system
                0x000017a6       0x68 obj_ghpad_lufa/protocol/lufa/lufa.o
 .text.send_mouse
                0x0000180e       0x46 obj_ghpad_lufa/protocol/lufa/lufa.o
 .text.send_keyboard
                0x00001854       0x9c obj_ghpad_lufa/protocol/lufa/lufa.o
 .text.EVENT_USB_Device_Connect
                0x000018f0       0x24 obj_ghpad_lufa/protocol/lufa/lufa.o
                0x000018f0                EVENT_USB_Device_Connect
 .text.EVENT_USB_Device_Disconnect
                0x00001914        0xe obj_ghpad_lufa/protocol/lufa/lufa.o
                0x00001914                EVENT_USB_Device_Disconnect
 .text.EVENT_USB_Device_Reset
                0x00001922        0x8 obj_ghpad_lufa/protocol/lufa/lufa.o
                0x00001922                EVENT_USB_Device_Reset
 .text.EVENT_USB_Device_Suspend
                0x0000192a        0xc obj_ghpad_lufa/protocol/lufa/lufa.o
                0x0000192a                EVENT_USB_Device_Suspend
 .text.EVENT_USB_Device_WakeUp
                0x00001936        0xc obj_ghpad_lufa/protocol/lufa/lufa.o
                0x00001936                EVENT_USB_Device_WakeUp
 .text.EVENT_USB_Device_StartOfFrame
                0x00001942       0x5c obj_ghpad_lufa/protocol/lufa/lufa.o
                0x00001942                EVENT_USB_Device_StartOfFrame
 .text.EVENT_USB_Device_ConfigurationChanged
                0x0000199e       0x32 obj_ghpad_lufa/protocol/lufa/lufa.o
                0x0000199e                EVENT_USB_Device_ConfigurationChanged
 .text.EVENT_USB_Device_ControlRequest
                0x000019d0      0x172 obj_ghpad_lufa/protocol/lufa/lufa.o
                0x000019d0                EVENT_USB_Device_ControlRequest
 .text.startup.main
                0x00001b42       0x98 obj_ghpad_lufa/protocol/lufa/lufa.o
                0x00001b42                main
 .text.CALLBACK_USB_GetDescriptor
                0x00001bda       0xb2 obj_ghpad_lufa/protocol/lufa/descriptor.o
                0x00001bda                CALLBACK_USB_GetDescriptor
 .text.USB_Device_SendRemoteWakeup
                0x00001c8c       0x2c obj_ghpad_lufa/protocol/lufa/LUFA-git/LUFA/Drivers/USB/Core/AVR8/Device_AVR8.o
                0x00001c8c                USB_Device_SendRemoteWakeup
 .text.Endpoint_Write_Stream_LE
                0x00001cb8       0x92 obj_ghpad_lufa/protocol/lufa/LUFA-git/LUFA/Drivers/USB/Core/AVR8/EndpointStream_AVR8.o
                0x00001cb8                Endpoint_Write_Stream_LE
 .text.Endpoint_Write_Control_Stream_LE
                0x00001d4a       0xc2 obj_ghpad_lufa/protocol/lufa/LUFA-git/LUFA/Drivers/USB/Core/AVR8/EndpointStream_AVR8.o
                0x00001d4a                Endpoint_Write_Control_Stream_LE
 .text.Endpoint_Write_Control_PStream_LE
                0x00001e0c       0xc4 obj_ghpad_lufa/protocol/lufa/LUFA-git/LUFA/Drivers/USB/Core/AVR8/EndpointStream_AVR8.o
                0x00001e0c                Endpoint_Write_Control_PStream_LE
 .text.Endpoint_ConfigureEndpoint_Prv
                0x00001ed0       0x6a obj_ghpad_lufa/protocol/lufa/LUFA-git/LUFA/Drivers/USB/Core/AVR8/Endpoint_AVR8.o
                0x00001ed0                Endpoint_ConfigureEndpoint_Prv
 .text.Endpoint_ClearStatusStage
                0x00001f3a       0x42 obj_ghpad_lufa/protocol/lufa/LUFA-git/LUFA/Drivers/USB/Core/AVR8/Endpoint_AVR8.o
                0x00001f3a                Endpoint_ClearStatusStage
 .text.Endpoint_WaitUntilReady
                0x00001f7c       0x60 obj_ghpad_lufa/protocol/lufa/LUFA-git/LUFA/Drivers/USB/Core/AVR8/Endpoint_AVR8.o
                0x00001f7c                Endpoint_WaitUntilReady
 .text.USB_Disable
                0x00001fdc       0x34 obj_ghpad_lufa/protocol/lufa/LUFA-git/LUFA/Drivers/USB/Core/AVR8/USBController_AVR8.o
                0x00001fdc                USB_Disable
 .text.USB_ResetInterface
                0x00002010       0x86 obj_ghpad_lufa/protocol/lufa/LUFA-git/LUFA/Drivers/USB/Core/AVR8/USBController_AVR8.o
                0x00002010                USB_ResetInterface
 .text.USB_Init
                0x00002096       0x22 obj_ghpad_lufa/protocol/lufa/LUFA-git/LUFA/Drivers/USB/Core/AVR8/USBController_AVR8.o
                0x00002096                USB_Init
 .text.USB_INT_DisableAllInterrupts
                0x000020b8       0x10 obj_ghpad_lufa/protocol/lufa/LUFA-git/LUFA/Drivers/USB/Core/AVR8/USBInterrupt_AVR8.o
                0x000020b8                USB_INT_DisableAllInterrupts
 .text.USB_INT_ClearAllInterrupts
                0x000020c8        0xa obj_ghpad_lufa/protocol/lufa/LUFA-git/LUFA/Drivers/USB/Core/AVR8/USBInterrupt_AVR8.o
                0x000020c8                USB_INT_ClearAllInterrupts
 .text.__vector_10
                0x000020d2      0x1a4 obj_ghpad_lufa/protocol/lufa/LUFA-git/LUFA/Drivers/USB/Core/AVR8/USBInterrupt_AVR8.o
                0x000020d2                __vector_10
 .text.__vector_11
                0x00002276       0x78 obj_ghpad_lufa/protocol/lufa/LUFA-git/LUFA/Drivers/USB/Core/AVR8/USBInterrupt_AVR8.o
                0x00002276                __vector_11
 .text.USB_Device_ProcessControlRequest
                0x000022ee      0x29c obj_ghpad_lufa/protocol/lufa/LUFA-git/LUFA/Drivers/USB/Core/DeviceStandardReq.o
                0x000022ee                USB_Device_ProcessControlRequest
 .text.host_set_driver
                0x0000258a        0xa obj_ghpad_lufa/common/host.o
                0x0000258a                host_set_driver
 .text.host_get_driver
                0x00002594        0xa obj_ghpad_lufa/common/host.o
                0x00002594                host_get_driver
 .text.host_keyboard_leds
                0x0000259e       0x18 obj_ghpad_lufa/common/host.o
                0x0000259e                host_keyboard_leds
 .text.host_keyboard_send
                0x000025b6       0x8a obj_ghpad_lufa/common/host.o
                0x000025b6                host_keyboard_send
 .text.host_mouse_send
                0x00002640       0x16 obj_ghpad_lufa/common/host.o
                0x00002640                host_mouse_send
 .text.host_system_send
                0x00002656       0x2c obj_ghpad_lufa/common/host.o
                0x00002656                host_system_send
 .text.host_consumer_send
                0x00002682       0x2c obj_ghpad_lufa/common/host.o
                0x00002682                host_consumer_send
 .text.keyboard_init
                0x000026ae       0x1c obj_ghpad_lufa/common/keyboard.o
                0x000026ae                keyboard_init
 .text.keyboard_set_leds
                0x000026ca       0x50 obj_ghpad_lufa/common/keyboard.o
                0x000026ca                keyboard_set_leds
 .text.keyboard_task
                0x0000271a      0x146 obj_ghpad_lufa/common/keyboard.o
                0x0000271a                keyboard_task
 .text.register_code
                0x00002860      0x190 obj_ghpad_lufa/common/action.o
                0x00002860                register_code
 .text.unregister_code
                0x000029f0       0x9e obj_ghpad_lufa/common/action.o
                0x000029f0                unregister_code
 .text.register_mods
                0x00002a8e        0xe obj_ghpad_lufa/common/action.o
                0x00002a8e                register_mods
 .text.unregister_mods
                0x00002a9c        0xe obj_ghpad_lufa/common/action.o
                0x00002a9c                unregister_mods
 .text.process_action
                0x00002aaa      0x6f4 obj_ghpad_lufa/common/action.o
                0x00002aaa                process_action
 .text.clear_keyboard_but_mods
                0x0000319e       0x24 obj_ghpad_lufa/common/action.o
                0x0000319e                clear_keyboard_but_mods
 .text.clear_keyboard
                0x000031c2        0x8 obj_ghpad_lufa/common/action.o
                0x000031c2                clear_keyboard
 .text.is_tap_key
                0x000031ca       0x4a obj_ghpad_lufa/common/action.o
                0x000031ca                is_tap_key
 .text.debug_event
                0x00003214       0x1e obj_ghpad_lufa/common/action.o
                0x00003214                debug_event
 .text.debug_record
                0x00003232       0x20 obj_ghpad_lufa/common/action.o
                0x00003232                debug_record
 .text.action_exec
                0x00003252       0x6a obj_ghpad_lufa/common/action.o
                0x00003252                action_exec
 .text.debug_waiting_buffer
                0x000032bc       0x42 obj_ghpad_lufa/common/action_tapping.o
 .text.debug_tapping_key
                0x000032fe       0x1c obj_ghpad_lufa/common/action_tapping.o
 .text.waiting_buffer_scan_tap
                0x0000331a       0xd0 obj_ghpad_lufa/common/action_tapping.o
 .text.process_tapping
                0x000033ea      0x3da obj_ghpad_lufa/common/action_tapping.o
 .text.action_tapping_process
                0x000037c4      0x15a obj_ghpad_lufa/common/action_tapping.o
                0x000037c4                action_tapping_process
 .text.action_macro_play
                0x0000391e       0xfc obj_ghpad_lufa/common/action_macro.o
                0x0000391e                action_macro_play
 .text.default_layer_state_set
                0x00003a1a       0x18 obj_ghpad_lufa/common/action_layer.o
 .text.layer_state_set
                0x00003a32       0x18 obj_ghpad_lufa/common/action_layer.o
 .text.default_layer_debug
                0x00003a4a        0x2 obj_ghpad_lufa/common/action_layer.o
                0x00003a4a                default_layer_debug
 .text.default_layer_set
                0x00003a4c        0x4 obj_ghpad_lufa/common/action_layer.o
                0x00003a4c                default_layer_set
 .text.default_layer_or
                0x00003a50       0x24 obj_ghpad_lufa/common/action_layer.o
                0x00003a50                default_layer_or
 .text.default_layer_and
                0x00003a74       0x24 obj_ghpad_lufa/common/action_layer.o
                0x00003a74                default_layer_and
 .text.default_layer_xor
                0x00003a98       0x24 obj_ghpad_lufa/common/action_layer.o
                0x00003a98                default_layer_xor
 .text.layer_clear
                0x00003abc        0xa obj_ghpad_lufa/common/action_layer.o
                0x00003abc                layer_clear
 .text.layer_move
                0x00003ac6       0x1e obj_ghpad_lufa/common/action_layer.o
                0x00003ac6                layer_move
 .text.layer_on
                0x00003ae4       0x36 obj_ghpad_lufa/common/action_layer.o
                0x00003ae4                layer_on
 .text.layer_off
                0x00003b1a       0x3e obj_ghpad_lufa/common/action_layer.o
                0x00003b1a                layer_off
 .text.layer_invert
                0x00003b58       0x36 obj_ghpad_lufa/common/action_layer.o
                0x00003b58                layer_invert
 .text.layer_or
                0x00003b8e       0x24 obj_ghpad_lufa/common/action_layer.o
                0x00003b8e                layer_or
 .text.layer_and
                0x00003bb2       0x24 obj_ghpad_lufa/common/action_layer.o
                0x00003bb2                layer_and
 .text.layer_xor
                0x00003bd6       0x24 obj_ghpad_lufa/common/action_layer.o
                0x00003bd6                layer_xor
 .text.layer_debug
                0x00003bfa        0x2 obj_ghpad_lufa/common/action_layer.o
                0x00003bfa                layer_debug
 .text.layer_switch_get_action
                0x00003bfc       0x84 obj_ghpad_lufa/common/action_layer.o
                0x00003bfc                layer_switch_get_action
 .text.add_key  0x00003c80      0x1a2 obj_ghpad_lufa/common/action_util.o
                0x00003c80                add_key
 .text.del_key  0x00003e22      0x138 obj_ghpad_lufa/common/action_util.o
                0x00003e22                del_key
 .text.clear_keys
                0x00003f5a       0x1c obj_ghpad_lufa/common/action_util.o
                0x00003f5a                clear_keys
 .text.add_mods
                0x00003f76        0xc obj_ghpad_lufa/common/action_util.o
                0x00003f76                add_mods
 .text.del_mods
                0x00003f82        0xe obj_ghpad_lufa/common/action_util.o
                0x00003f82                del_mods
 .text.clear_mods
                0x00003f90        0x6 obj_ghpad_lufa/common/action_util.o
                0x00003f90                clear_mods
 .text.add_weak_mods
                0x00003f96        0xc obj_ghpad_lufa/common/action_util.o
                0x00003f96                add_weak_mods
 .text.del_weak_mods
                0x00003fa2        0xe obj_ghpad_lufa/common/action_util.o
                0x00003fa2                del_weak_mods
 .text.clear_weak_mods
                0x00003fb0        0x6 obj_ghpad_lufa/common/action_util.o
                0x00003fb0                clear_weak_mods
 .text.set_oneshot_mods
                0x00003fb6        0x6 obj_ghpad_lufa/common/action_util.o
                0x00003fb6                set_oneshot_mods
 .text.clear_oneshot_mods
                0x00003fbc        0x6 obj_ghpad_lufa/common/action_util.o
                0x00003fbc                clear_oneshot_mods
 .text.has_anykey
                0x00003fc2       0x10 obj_ghpad_lufa/common/action_util.o
                0x00003fc2                has_anykey
 .text.send_keyboard_report
                0x00003fd2       0x4c obj_ghpad_lufa/common/action_util.o
                0x00003fd2                send_keyboard_report
 .text.keycode_to_action
                0x0000401e      0x15c obj_ghpad_lufa/common/keymap.o
 .text.action_for_key
                0x0000417a       0xe6 obj_ghpad_lufa/common/keymap.o
                0x0000417a                action_for_key
 .text.action_get_macro
                0x00004260        0x6 obj_ghpad_lufa/common/keymap.o
                0x00004260                action_get_macro
 .text.action_function
                0x00004266        0x2 obj_ghpad_lufa/common/keymap.o
                0x00004266                action_function
 .text.print_set_sendchar
                0x00004268        0xa obj_ghpad_lufa/common/print.o
                0x00004268                print_set_sendchar
 .text.biton32  0x00004272       0xa6 obj_ghpad_lufa/common/util.o
                0x00004272                biton32
 .text.bitrev   0x00004318       0x24 obj_ghpad_lufa/common/util.o
                0x00004318                bitrev
 .text.bitrev16
                0x0000433c       0x34 obj_ghpad_lufa/common/util.o
                0x0000433c                bitrev16
 .text.suspend_power_down
                0x00004370       0x50 obj_ghpad_lufa/common/avr/suspend.o
                0x00004370                suspend_power_down
 .text.suspend_wakeup_condition
                0x000043c0       0x2a obj_ghpad_lufa/common/avr/suspend.o
                0x000043c0                suspend_wakeup_condition
 .text.suspend_wakeup_init
                0x000043ea        0x8 obj_ghpad_lufa/common/avr/suspend.o
                0x000043ea                suspend_wakeup_init
 .text.__vector_12
                0x000043f2       0x52 obj_ghpad_lufa/common/avr/suspend.o
                0x000043f2                __vector_12
 .text.timer_init
                0x00004444       0x12 obj_ghpad_lufa/common/avr/timer.o
                0x00004444                timer_init
 .text.timer_read
                0x00004456       0x18 obj_ghpad_lufa/common/avr/timer.o
                0x00004456                timer_read
 .text.timer_elapsed
                0x0000446e       0x52 obj_ghpad_lufa/common/avr/timer.o
                0x0000446e                timer_elapsed
 .text.__vector_21
                0x000044c0       0x4a obj_ghpad_lufa/common/avr/timer.o
                0x000044c0                __vector_21
 .text.bootloader_jump
                0x0000450a       0x46 obj_ghpad_lufa/common/avr/bootloader.o
                0x0000450a                bootloader_jump
 .text.scan_keycode
                0x00004550       0x64 obj_ghpad_lufa/common/bootmagic.o
 .text.bootmagic_scan_keycode
                0x000045b4       0x1c obj_ghpad_lufa/common/bootmagic.o
                0x000045b4                bootmagic_scan_keycode
 .text.bootmagic
                0x000045d0      0x270 obj_ghpad_lufa/common/bootmagic.o
                0x000045d0                bootmagic
 .text.eeconfig_init
                0x00004840       0x3e obj_ghpad_lufa/common/avr/eeconfig.o
                0x00004840                eeconfig_init
 .text.eeconfig_disable
                0x0000487e        0xc obj_ghpad_lufa/common/avr/eeconfig.o
                0x0000487e                eeconfig_disable
 .text.eeconfig_is_enabled
                0x0000488a       0x16 obj_ghpad_lufa/common/avr/eeconfig.o
                0x0000488a                eeconfig_is_enabled
 .text.eeconfig_read_debug
                0x000048a0        0x8 obj_ghpad_lufa/common/avr/eeconfig.o
                0x000048a0                eeconfig_read_debug
 .text.eeconfig_write_debug
                0x000048a8        0xa obj_ghpad_lufa/common/avr/eeconfig.o
                0x000048a8                eeconfig_write_debug
 .text.eeconfig_read_default_layer
                0x000048b2        0x8 obj_ghpad_lufa/common/avr/eeconfig.o
                0x000048b2                eeconfig_read_default_layer
 .text.eeconfig_write_default_layer
                0x000048ba        0xa obj_ghpad_lufa/common/avr/eeconfig.o
                0x000048ba                eeconfig_write_default_layer
 .text.eeconfig_read_keymap
                0x000048c4        0x8 obj_ghpad_lufa/common/avr/eeconfig.o
                0x000048c4                eeconfig_read_keymap
 .text.eeconfig_write_keymap
                0x000048cc        0xa obj_ghpad_lufa/common/avr/eeconfig.o
                0x000048cc                eeconfig_write_keymap
 .text.eeconfig_read_backlight
                0x000048d6        0x8 obj_ghpad_lufa/common/avr/eeconfig.o
                0x000048d6                eeconfig_read_backlight
 .text.eeconfig_write_backlight
                0x000048de        0xa obj_ghpad_lufa/common/avr/eeconfig.o
                0x000048de                eeconfig_write_backlight
 .text.move_unit
                0x000048e8       0x90 obj_ghpad_lufa/common/mousekey.o
 .text.wheel_unit
                0x00004978       0x72 obj_ghpad_lufa/common/mousekey.o
 .text.mousekey_on
                0x000049ea       0xd0 obj_ghpad_lufa/common/mousekey.o
                0x000049ea                mousekey_on
 .text.mousekey_off
                0x00004aba      0x10a obj_ghpad_lufa/common/mousekey.o
                0x00004aba                mousekey_off
 .text.mousekey_send
                0x00004bc4      0x11a obj_ghpad_lufa/common/mousekey.o
                0x00004bc4                mousekey_send
 .text.mousekey_task
                0x00004cde      0x142 obj_ghpad_lufa/common/mousekey.o
                0x00004cde                mousekey_task
 .text.mousekey_clear
                0x00004e20       0x18 obj_ghpad_lufa/common/mousekey.o
                0x00004e20                mousekey_clear
 .text.command_console_help
                0x00004e38       0x18 obj_ghpad_lufa/common/command.o
 .text.mousekey_console_help
                0x00004e50       0xcc obj_ghpad_lufa/common/command.o
 .text.mousekey_param_inc
                0x00004f1c      0x1e2 obj_ghpad_lufa/common/command.o
 .text.mousekey_param_dec
                0x000050fe      0x19a obj_ghpad_lufa/common/command.o
 .text.switch_default_layer
                0x00005298       0x80 obj_ghpad_lufa/common/command.o
 .text.command_common
                0x00005318      0x5fa obj_ghpad_lufa/common/command.o
 .text.command_extra
                0x00005912        0x4 obj_ghpad_lufa/common/command.o
                0x00005912                command_extra
 .text.command_console_extra
                0x00005916        0x4 obj_ghpad_lufa/common/command.o
                0x00005916                command_console_extra
 .text.command_proc
                0x0000591a      0x2f6 obj_ghpad_lufa/common/command.o
                0x0000591a                command_proc
 .text.softpwm_init
                0x00005c10       0x26 obj_ghpad_lufa/common/softpwm_led.o
                0x00005c10                softpwm_init
 .text.softpwm_led_enable
                0x00005c36       0x14 obj_ghpad_lufa/common/softpwm_led.o
                0x00005c36                softpwm_led_enable
 .text.softpwm_led_disable
                0x00005c4a       0x28 obj_ghpad_lufa/common/softpwm_led.o
                0x00005c4a                softpwm_led_disable
 .text.softpwm_led_set_all
                0x00005c72       0x16 obj_ghpad_lufa/common/softpwm_led.o
                0x00005c72                softpwm_led_set_all
 .text.softpwm_led_increase
                0x00005c88       0x28 obj_ghpad_lufa/common/softpwm_led.o
                0x00005c88                softpwm_led_increase
 .text.softpwm_led_increase_all
                0x00005cb0       0x1c obj_ghpad_lufa/common/softpwm_led.o
                0x00005cb0                softpwm_led_increase_all
 .text.softpwm_led_decrease
                0x00005ccc       0x18 obj_ghpad_lufa/common/softpwm_led.o
                0x00005ccc                softpwm_led_decrease
 .text.softpwm_led_decrease_all
                0x00005ce4       0x1c obj_ghpad_lufa/common/softpwm_led.o
                0x00005ce4                softpwm_led_decrease_all
 .text.softpwm_led_get_state
                0x00005d00        0x6 obj_ghpad_lufa/common/softpwm_led.o
                0x00005d00                softpwm_led_get_state
 .text.fading_led_enable_all
                0x00005d06        0xc obj_ghpad_lufa/common/softpwm_led.o
                0x00005d06                fading_led_enable_all
 .text.fading_led_disable_all
                0x00005d12        0x6 obj_ghpad_lufa/common/softpwm_led.o
                0x00005d12                fading_led_disable_all
 .text.fading_led_set_direction
                0x00005d18       0x24 obj_ghpad_lufa/common/softpwm_led.o
                0x00005d18                fading_led_set_direction
 .text.fading_led_set_direction_all
                0x00005d3c       0x1c obj_ghpad_lufa/common/softpwm_led.o
                0x00005d3c                fading_led_set_direction_all
 .text.fading_led_set_duration
                0x00005d58        0x6 obj_ghpad_lufa/common/softpwm_led.o
                0x00005d58                fading_led_set_duration
 .text.breathing_led_enable_all
                0x00005d5e        0xc obj_ghpad_lufa/common/softpwm_led.o
                0x00005d5e                breathing_led_enable_all
 .text.breathing_led_disable_all
                0x00005d6a        0x6 obj_ghpad_lufa/common/softpwm_led.o
                0x00005d6a                breathing_led_disable_all
 .text.breathing_led_set_duration
                0x00005d70        0x6 obj_ghpad_lufa/common/softpwm_led.o
                0x00005d70                breathing_led_set_duration
 .text.__vector_17
                0x00005d76      0x218 obj_ghpad_lufa/common/softpwm_led.o
                0x00005d76                __vector_17
 .text.backlight_init
                0x00005f8e       0x22 obj_ghpad_lufa/common/backlight.o
                0x00005f8e                backlight_init
 .text.backlight_increase
                0x00005fb0       0x58 obj_ghpad_lufa/common/backlight.o
                0x00005fb0                backlight_increase
 .text.backlight_decrease
                0x00006008       0x58 obj_ghpad_lufa/common/backlight.o
                0x00006008                backlight_decrease
 .text.backlight_toggle
                0x00006060       0x64 obj_ghpad_lufa/common/backlight.o
                0x00006060                backlight_toggle
 .text.backlight_step
                0x000060c4       0x70 obj_ghpad_lufa/common/backlight.o
                0x000060c4                backlight_step
 .text.backlight_level
                0x00006134       0x30 obj_ghpad_lufa/common/backlight.o
                0x00006134                backlight_level
 .text.update_led_state
                0x00006164       0x9a obj_ghpad_lufa/common/ledmap.o
 .text.ledmap_init
                0x000061fe       0xc4 obj_ghpad_lufa/common/ledmap.o
                0x000061fe                ledmap_init
 .text.led_set  0x000062c2       0x9c obj_ghpad_lufa/common/ledmap.o
                0x000062c2                led_set
 .text.default_layer_state_change
                0x0000635e       0xb0 obj_ghpad_lufa/common/ledmap.o
                0x0000635e                default_layer_state_change
 .text.layer_state_change
                0x0000640e       0xb0 obj_ghpad_lufa/common/ledmap.o
                0x0000640e                layer_state_change
 .text.softpwm_led_init
                0x000064be        0x2 obj_ghpad_lufa/common/ledmap.o
                0x000064be                softpwm_led_init
 .text.softpwm_led_on
                0x000064c0       0x1a obj_ghpad_lufa/common/ledmap.o
                0x000064c0                softpwm_led_on
 .text.softpwm_led_off
                0x000064da       0x1a obj_ghpad_lufa/common/ledmap.o
                0x000064da                softpwm_led_off
 .text.softpwm_led_state_change
                0x000064f4       0x10 obj_ghpad_lufa/common/ledmap.o
                0x000064f4                softpwm_led_state_change
 .text.ledmap_in_eeprom_init
                0x00006504       0x78 obj_ghpad_lufa/common/ledmap_in_eeprom.o
                0x00006504                ledmap_in_eeprom_init
 .text.write_ledmap_to_eeprom
                0x0000657c       0x2a obj_ghpad_lufa/common/ledmap_in_eeprom.o
                0x0000657c                write_ledmap_to_eeprom
 .text.ledmap_in_eeprom_get_code
                0x000065a6       0x12 obj_ghpad_lufa/common/ledmap_in_eeprom.o
                0x000065a6                ledmap_in_eeprom_get_code
 .text.avr-libc.fplib
                0x000065b8        0xa /usr/local/CrossPack-AVR-20131216/lib/gcc/avr/4.8.1/../../../../avr/lib/avr5/libm.a(fixsfsi.o)
                0x000065b8                __fixsfsi
 .text.avr-libc.fplib
                0x000065c2       0x58 /usr/local/CrossPack-AVR-20131216/lib/gcc/avr/4.8.1/../../../../avr/lib/avr5/libm.a(fixunssfsi.o)
                0x000065c2                __fixunssfsi
 .text.avr-libc.fplib
                0x0000661a       0x7a /usr/local/CrossPack-AVR-20131216/lib/gcc/avr/4.8.1/../../../../avr/lib/avr5/libm.a(floatsisf.o)
                0x0000661a                __floatunsisf
                0x0000661e                __floatsisf
 .text.avr-libc.fplib
                0x00006694       0x44 /usr/local/CrossPack-AVR-20131216/lib/gcc/avr/4.8.1/../../../../avr/lib/avr5/libm.a(fp_split3.o)
                0x00006694                __fp_split3
                0x000066a4                __fp_splitA
 .text.avr-libc.fplib
                0x000066d8        0xe /usr/local/CrossPack-AVR-20131216/lib/gcc/avr/4.8.1/../../../../avr/lib/avr5/libm.a(fp_zero.o)
                0x000066d8                __fp_zero
                0x000066da                __fp_szero
 .text.avr-libc.fplib
                0x000066e6        0x4 /usr/local/CrossPack-AVR-20131216/lib/gcc/avr/4.8.1/../../../../avr/lib/avr5/libm.a(mulsf3.o)
                0x000066e6                __mulsf3
 .text.avr-libc.fplib
                0x000066ea       0xc2 /usr/local/CrossPack-AVR-20131216/lib/gcc/avr/4.8.1/../../../../avr/lib/avr5/libm.a(mulsf3x.o)
                0x000066fe                __mulsf3x
                0x00006702                __mulsf3_pse
 .text.avr-libc.fplib
                0x000067ac        0xc /usr/local/CrossPack-AVR-20131216/lib/gcc/avr/4.8.1/../../../../avr/lib/avr5/libm.a(fp_inf.o)
                0x000067ac                __fp_inf
 .text.avr-libc.fplib
                0x000067b8        0x6 /usr/local/CrossPack-AVR-20131216/lib/gcc/avr/4.8.1/../../../../avr/lib/avr5/libm.a(fp_nan.o)
                0x000067b8                __fp_nan
 .text.avr-libc.fplib
                0x000067be        0xe /usr/local/CrossPack-AVR-20131216/lib/gcc/avr/4.8.1/../../../../avr/lib/avr5/libm.a(fp_pscA.o)
                0x000067be                __fp_pscA
 .text.avr-libc.fplib
                0x000067cc        0xe /usr/local/CrossPack-AVR-20131216/lib/gcc/avr/4.8.1/../../../../avr/lib/avr5/libm.a(fp_pscB.o)
                0x000067cc                __fp_pscB
 .text.avr-libc.fplib
                0x000067da       0x22 /usr/local/CrossPack-AVR-20131216/lib/gcc/avr/4.8.1/../../../../avr/lib/avr5/libm.a(fp_round.o)
                0x000067da                __fp_round
 .text.libgcc.div
                0x000067fc       0x28 /usr/local/CrossPack-AVR-20131216/lib/gcc/avr/4.8.1/avr5/libgcc.a(_divmodhi4.o)
                0x000067fc                __divmodhi4
                0x000067fc                _div
 .text.libgcc   0x00006824        0xc /usr/local/CrossPack-AVR-20131216/lib/gcc/avr/4.8.1/avr5/libgcc.a(_tablejump.o)
                0x00006824                __tablejump2__
                0x00006828                __tablejump__
 .text.libgcc.div
                0x00006830       0x28 /usr/local/CrossPack-AVR-20131216/lib/gcc/avr/4.8.1/avr5/libgcc.a(_udivmodhi4.o)
                0x00006830                __udivmodhi4
 .text.avr-libc
                0x00006858       0x10 /usr/local/CrossPack-AVR-20131216/lib/gcc/avr/4.8.1/../../../../avr/lib/avr5/libc.a(eerd_byte_atmega32u4.o)
                0x00006858                __eerd_byte_m32u4
 .text.avr-libc
                0x00006868        0xc /usr/local/CrossPack-AVR-20131216/lib/gcc/avr/4.8.1/../../../../avr/lib/avr5/libc.a(eerd_word_atmega32u4.o)
                0x00006868                __eerd_word_m32u4
 .text.avr-libc
                0x00006874       0x1c /usr/local/CrossPack-AVR-20131216/lib/gcc/avr/4.8.1/../../../../avr/lib/avr5/libc.a(eewr_byte_atmega32u4.o)
                0x00006874                __eewr_byte_m32u4
                0x00006876                __eewr_r18_m32u4
 .text.avr-libc
                0x00006890        0xa /usr/local/CrossPack-AVR-20131216/lib/gcc/avr/4.8.1/../../../../avr/lib/avr5/libc.a(eewr_word_atmega32u4.o)
                0x00006890                __eewr_word_m32u4
 .text.avr-libc
                0x0000689a       0x20 /usr/local/CrossPack-AVR-20131216/lib/gcc/avr/4.8.1/../../../../avr/lib/avr5/libc.a(eerd_block_atmega32u4.o)
                0x0000689a                __eerd_block_m32u4
                0x0000689e                __eerd_blraw_m32u4
                0x000068ba                . = ALIGN (0x2)
 *(.fini9)
 .fini9         0x000068ba        0x0 /usr/local/CrossPack-AVR-20131216/lib/gcc/avr/4.8.1/avr5/libgcc.a(_exit.o)
                0x000068ba                exit
                0x000068ba                _exit
 *(.fini9)
 *(.fini8)
 *(.fini8)
 *(.fini7)
 *(.fini7)
 *(.fini6)
 *(.fini6)
 *(.fini5)
 *(.fini5)
 *(.fini4)
 *(.fini4)
 *(.fini3)
 *(.fini3)
 *(.fini2)
 *(.fini2)
 *(.fini1)
 *(.fini1)
 *(.fini0)
 .fini0         0x000068ba        0x4 /usr/local/CrossPack-AVR-20131216/lib/gcc/avr/4.8.1/avr5/libgcc.a(_exit.o)
 *(.fini0)
                0x000068be                _etext = .

.data           0x00800100       0x38 load address 0x000068be
                0x00800100                PROVIDE (__data_start, .)
 *(.data)
 .data          0x00800100        0x0 /usr/local/CrossPack-AVR-20131216/lib/gcc/avr/4.8.1/../../../../avr/lib/avr5/crtm32u4.o
 .data          0x00800100        0x0 obj_ghpad_lufa/keymap_mypad.o
 .data          0x00800100        0x0 obj_ghpad_lufa/keymap_common.o
 .data          0x00800100        0x0 obj_ghpad_lufa/matrix.o
 .data          0x00800100        0x0 obj_ghpad_lufa/led.o
 .data          0x00800100        0x0 obj_ghpad_lufa/backlight.o
 .data          0x00800100        0x0 obj_ghpad_lufa/ledmap.o
 .data          0x00800100        0x0 obj_ghpad_lufa/protocol/lufa/lufa.o
 .data          0x00800100        0x0 obj_ghpad_lufa/protocol/lufa/descriptor.o
 .data          0x00800100        0x0 obj_ghpad_lufa/protocol/lufa/LUFA-git/LUFA/Drivers/USB/Class/Common/HIDParser.o
 .data          0x00800100        0x0 obj_ghpad_lufa/protocol/lufa/LUFA-git/LUFA/Drivers/USB/Core/AVR8/Device_AVR8.o
 .data          0x00800100        0x0 obj_ghpad_lufa/protocol/lufa/LUFA-git/LUFA/Drivers/USB/Core/AVR8/EndpointStream_AVR8.o
 .data          0x00800100        0x0 obj_ghpad_lufa/protocol/lufa/LUFA-git/LUFA/Drivers/USB/Core/AVR8/Endpoint_AVR8.o
 .data          0x00800100        0x0 obj_ghpad_lufa/protocol/lufa/LUFA-git/LUFA/Drivers/USB/Core/AVR8/Host_AVR8.o
 .data          0x00800100        0x0 obj_ghpad_lufa/protocol/lufa/LUFA-git/LUFA/Drivers/USB/Core/AVR8/PipeStream_AVR8.o
 .data          0x00800100        0x0 obj_ghpad_lufa/protocol/lufa/LUFA-git/LUFA/Drivers/USB/Core/AVR8/Pipe_AVR8.o
 .data          0x00800100        0x0 obj_ghpad_lufa/protocol/lufa/LUFA-git/LUFA/Drivers/USB/Core/AVR8/USBController_AVR8.o
 .data          0x00800100        0x0 obj_ghpad_lufa/protocol/lufa/LUFA-git/LUFA/Drivers/USB/Core/AVR8/USBInterrupt_AVR8.o
 .data          0x00800100        0x0 obj_ghpad_lufa/protocol/lufa/LUFA-git/LUFA/Drivers/USB/Core/ConfigDescriptors.o
 .data          0x00800100        0x0 obj_ghpad_lufa/protocol/lufa/LUFA-git/LUFA/Drivers/USB/Core/DeviceStandardReq.o
 .data          0x00800100        0x0 obj_ghpad_lufa/protocol/lufa/LUFA-git/LUFA/Drivers/USB/Core/Events.o
 .data          0x00800100        0x0 obj_ghpad_lufa/protocol/lufa/LUFA-git/LUFA/Drivers/USB/Core/HostStandardReq.o
 .data          0x00800100        0x0 obj_ghpad_lufa/protocol/lufa/LUFA-git/LUFA/Drivers/USB/Core/USBTask.o
 .data          0x00800100        0x0 obj_ghpad_lufa/common/host.o
 .data          0x00800100        0x0 obj_ghpad_lufa/common/keyboard.o
 .data          0x00800100        0x0 obj_ghpad_lufa/common/action.o
 .data          0x00800100        0x0 obj_ghpad_lufa/common/action_tapping.o
 .data          0x00800100        0x0 obj_ghpad_lufa/common/action_macro.o
 .data          0x00800100        0x0 obj_ghpad_lufa/common/action_layer.o
 .data          0x00800100        0x0 obj_ghpad_lufa/common/action_util.o
 .data          0x00800100        0x0 obj_ghpad_lufa/common/keymap.o
 .data          0x00800100        0x0 obj_ghpad_lufa/common/print.o
 .data          0x00800100        0x0 obj_ghpad_lufa/common/debug.o
 .data          0x00800100        0x0 obj_ghpad_lufa/common/util.o
 .data          0x00800100        0x0 obj_ghpad_lufa/common/avr/suspend.o
 .data          0x00800100        0x0 obj_ghpad_lufa/common/avr/xprintf.o
 .data          0x00800100        0x0 obj_ghpad_lufa/common/avr/timer.o
 .data          0x00800100        0x0 obj_ghpad_lufa/common/avr/bootloader.o
 .data          0x00800100        0x0 obj_ghpad_lufa/common/bootmagic.o
 .data          0x00800100        0x0 obj_ghpad_lufa/common/avr/eeconfig.o
 .data          0x00800100        0x0 obj_ghpad_lufa/common/mousekey.o
 .data          0x00800100        0x0 obj_ghpad_lufa/common/command.o
 .data          0x00800100        0x0 obj_ghpad_lufa/common/softpwm_led.o
 .data          0x00800100        0x0 obj_ghpad_lufa/common/backlight.o
 .data          0x00800100        0x0 obj_ghpad_lufa/common/ledmap.o
 .data          0x00800100        0x0 obj_ghpad_lufa/common/ledmap_in_eeprom.o
 .data          0x00800100        0x0 /usr/local/CrossPack-AVR-20131216/lib/gcc/avr/4.8.1/../../../../avr/lib/avr5/libm.a(fixsfsi.o)
 .data          0x00800100        0x0 /usr/local/CrossPack-AVR-20131216/lib/gcc/avr/4.8.1/../../../../avr/lib/avr5/libm.a(fixunssfsi.o)
 .data          0x00800100        0x0 /usr/local/CrossPack-AVR-20131216/lib/gcc/avr/4.8.1/../../../../avr/lib/avr5/libm.a(floatsisf.o)
 .data          0x00800100        0x0 /usr/local/CrossPack-AVR-20131216/lib/gcc/avr/4.8.1/../../../../avr/lib/avr5/libm.a(fp_split3.o)
 .data          0x00800100        0x0 /usr/local/CrossPack-AVR-20131216/lib/gcc/avr/4.8.1/../../../../avr/lib/avr5/libm.a(fp_zero.o)
 .data          0x00800100        0x0 /usr/local/CrossPack-AVR-20131216/lib/gcc/avr/4.8.1/../../../../avr/lib/avr5/libm.a(mulsf3.o)
 .data          0x00800100        0x0 /usr/local/CrossPack-AVR-20131216/lib/gcc/avr/4.8.1/../../../../avr/lib/avr5/libm.a(mulsf3x.o)
 .data          0x00800100        0x0 /usr/local/CrossPack-AVR-20131216/lib/gcc/avr/4.8.1/../../../../avr/lib/avr5/libm.a(fp_inf.o)
 .data          0x00800100        0x0 /usr/local/CrossPack-AVR-20131216/lib/gcc/avr/4.8.1/../../../../avr/lib/avr5/libm.a(fp_nan.o)
 .data          0x00800100        0x0 /usr/local/CrossPack-AVR-20131216/lib/gcc/avr/4.8.1/../../../../avr/lib/avr5/libm.a(fp_pscA.o)
 .data          0x00800100        0x0 /usr/local/CrossPack-AVR-20131216/lib/gcc/avr/4.8.1/../../../../avr/lib/avr5/libm.a(fp_pscB.o)
 .data          0x00800100        0x0 /usr/local/CrossPack-AVR-20131216/lib/gcc/avr/4.8.1/../../../../avr/lib/avr5/libm.a(fp_round.o)
 .data          0x00800100        0x0 /usr/local/CrossPack-AVR-20131216/lib/gcc/avr/4.8.1/avr5/libgcc.a(_divmodhi4.o)
 .data          0x00800100        0x0 /usr/local/CrossPack-AVR-20131216/lib/gcc/avr/4.8.1/avr5/libgcc.a(_exit.o)
 .data          0x00800100        0x0 /usr/local/CrossPack-AVR-20131216/lib/gcc/avr/4.8.1/avr5/libgcc.a(_tablejump.o)
 .data          0x00800100        0x0 /usr/local/CrossPack-AVR-20131216/lib/gcc/avr/4.8.1/avr5/libgcc.a(_copy_data.o)
 .data          0x00800100        0x0 /usr/local/CrossPack-AVR-20131216/lib/gcc/avr/4.8.1/avr5/libgcc.a(_clear_bss.o)
 .data          0x00800100        0x0 /usr/local/CrossPack-AVR-20131216/lib/gcc/avr/4.8.1/avr5/libgcc.a(_udivmodhi4.o)
 .data          0x00800100        0x0 /usr/local/CrossPack-AVR-20131216/lib/gcc/avr/4.8.1/../../../../avr/lib/avr5/libc.a(eerd_byte_atmega32u4.o)
 .data          0x00800100        0x0 /usr/local/CrossPack-AVR-20131216/lib/gcc/avr/4.8.1/../../../../avr/lib/avr5/libc.a(eerd_word_atmega32u4.o)
 .data          0x00800100        0x0 /usr/local/CrossPack-AVR-20131216/lib/gcc/avr/4.8.1/../../../../avr/lib/avr5/libc.a(eeupd_byte_atmega32u4.o)
 .data          0x00800100        0x0 /usr/local/CrossPack-AVR-20131216/lib/gcc/avr/4.8.1/../../../../avr/lib/avr5/libc.a(eewr_byte_atmega32u4.o)
 .data          0x00800100        0x0 /usr/local/CrossPack-AVR-20131216/lib/gcc/avr/4.8.1/../../../../avr/lib/avr5/libc.a(eewr_word_atmega32u4.o)
 .data          0x00800100        0x0 /usr/local/CrossPack-AVR-20131216/lib/gcc/avr/4.8.1/../../../../avr/lib/avr5/libc.a(eerd_block_atmega32u4.o)
 *(.data*)
 .data.debouncing
                0x00800100        0x1 obj_ghpad_lufa/matrix.o
 .data.lufa_driver
                0x00800101        0xa obj_ghpad_lufa/protocol/lufa/lufa.o
                0x00800101                lufa_driver
 .data.keyboard_protocol
                0x0080010b        0x1 obj_ghpad_lufa/protocol/lufa/lufa.o
                0x0080010b                keyboard_protocol
 .data.keyboard_nkro
                0x0080010c        0x1 obj_ghpad_lufa/common/host.o
                0x0080010c                keyboard_nkro
 .data.keyboard_report
                0x0080010d        0x2 obj_ghpad_lufa/common/action_util.o
                0x0080010d                keyboard_report
 .data.mk_wheel_time_to_max
                0x0080010f        0x1 obj_ghpad_lufa/common/mousekey.o
                0x0080010f                mk_wheel_time_to_max
 .data.mk_wheel_max_speed
                0x00800110        0x1 obj_ghpad_lufa/common/mousekey.o
                0x00800110                mk_wheel_max_speed
 .data.mk_time_to_max
                0x00800111        0x1 obj_ghpad_lufa/common/mousekey.o
                0x00800111                mk_time_to_max
 .data.mk_max_speed
                0x00800112        0x1 obj_ghpad_lufa/common/mousekey.o
                0x00800112                mk_max_speed
 .data.mk_interval
                0x00800113        0x1 obj_ghpad_lufa/common/mousekey.o
                0x00800113                mk_interval
 .data.mk_delay
                0x00800114        0x1 obj_ghpad_lufa/common/mousekey.o
                0x00800114                mk_delay
 *(.rodata)
 *(.rodata*)
 .rodata.CSWTCH.3
                0x00800115        0x5 obj_ghpad_lufa/protocol/lufa/descriptor.o
 .rodata.CSWTCH.2
                0x0080011a        0xa obj_ghpad_lufa/protocol/lufa/descriptor.o
 .rodata.CSWTCH.1
                0x00800124        0xa obj_ghpad_lufa/protocol/lufa/descriptor.o
 .rodata.CSWTCH.46
                0x0080012e        0xa obj_ghpad_lufa/common/command.o
 *(.gnu.linkonce.d*)
                0x00800138                . = ALIGN (0x2)
                0x00800138                _edata = .
                0x00800138                PROVIDE (__data_end, .)

.bss            0x00800138       0xd7
                0x00800138                PROVIDE (__bss_start, .)
 *(.bss)
 .bss           0x00800138        0x2 obj_ghpad_lufa/common/avr/xprintf.o
                0x00800138                xfunc_out
 *(.bss*)
 .bss.matrix_debouncing
                0x0080013a        0x6 obj_ghpad_lufa/matrix.o
 .bss.matrix    0x00800140        0x6 obj_ghpad_lufa/matrix.o
 .bss.backlight_mode
                0x00800146        0x1 obj_ghpad_lufa/backlight.o
 .bss.timeouted.4741
                0x00800147        0x1 obj_ghpad_lufa/protocol/lufa/lufa.o
 .bss.keyboard_report_sent
                0x00800148       0x10 obj_ghpad_lufa/protocol/lufa/lufa.o
 .bss.keyboard_led_stats
                0x00800158        0x1 obj_ghpad_lufa/protocol/lufa/lufa.o
 .bss.keyboard_idle
                0x00800159        0x1 obj_ghpad_lufa/protocol/lufa/lufa.o
                0x00800159                keyboard_idle
 .bss.last_consumer_report
                0x0080015a        0x2 obj_ghpad_lufa/common/host.o
 .bss.last_system_report
                0x0080015c        0x2 obj_ghpad_lufa/common/host.o
 .bss.driver    0x0080015e        0x2 obj_ghpad_lufa/common/host.o
 .bss.led_status.4841
                0x00800160        0x1 obj_ghpad_lufa/common/keyboard.o
 .bss.matrix_prev.4840
                0x00800161        0x6 obj_ghpad_lufa/common/keyboard.o
 .bss.waiting_buffer_tail
                0x00800167        0x1 obj_ghpad_lufa/common/action_tapping.o
 .bss.waiting_buffer_head
                0x00800168        0x1 obj_ghpad_lufa/common/action_tapping.o
 .bss.waiting_buffer
                0x00800169       0x30 obj_ghpad_lufa/common/action_tapping.o
 .bss.tapping_key
                0x00800199        0x6 obj_ghpad_lufa/common/action_tapping.o
 .bss.layer_state
                0x0080019f        0x4 obj_ghpad_lufa/common/action_layer.o
                0x0080019f                layer_state
 .bss.default_layer_state
                0x008001a3        0x4 obj_ghpad_lufa/common/action_layer.o
                0x008001a3                default_layer_state
 .bss.oneshot_mods
                0x008001a7        0x1 obj_ghpad_lufa/common/action_util.o
 .bss.__compound_literal.0
                0x008001a8       0x10 obj_ghpad_lufa/common/action_util.o
 .bss.cb_count  0x008001b8        0x1 obj_ghpad_lufa/common/action_util.o
 .bss.cb_tail   0x008001b9        0x1 obj_ghpad_lufa/common/action_util.o
 .bss.cb_head   0x008001ba        0x1 obj_ghpad_lufa/common/action_util.o
 .bss.weak_mods
                0x008001bb        0x1 obj_ghpad_lufa/common/action_util.o
 .bss.real_mods
                0x008001bc        0x1 obj_ghpad_lufa/common/action_util.o
 .bss.debug_config
                0x008001bd        0x1 obj_ghpad_lufa/common/debug.o
                0x008001bd                debug_config
 .bss.wdt_timeout
                0x008001be        0x1 obj_ghpad_lufa/common/avr/suspend.o
 .bss.timer_count
                0x008001bf        0x4 obj_ghpad_lufa/common/avr/timer.o
                0x008001bf                timer_count
 .bss.last_timer
                0x008001c3        0x2 obj_ghpad_lufa/common/mousekey.o
 .bss.mousekey_accel
                0x008001c5        0x1 obj_ghpad_lufa/common/mousekey.o
 .bss.mousekey_repeat
                0x008001c6        0x1 obj_ghpad_lufa/common/mousekey.o
 .bss.mouse_report
                0x008001c7        0x5 obj_ghpad_lufa/common/mousekey.o
 .bss.host_driver.4977
                0x008001cc        0x2 obj_ghpad_lufa/common/command.o
 .bss.mousekey_param
                0x008001ce        0x1 obj_ghpad_lufa/common/command.o
 .bss.command_state
                0x008001cf        0x1 obj_ghpad_lufa/common/command.o
                0x008001cf                command_state
 .bss.step.1975
                0x008001d0        0x1 obj_ghpad_lufa/common/softpwm_led.o
 .bss.step.1967
                0x008001d1        0x1 obj_ghpad_lufa/common/softpwm_led.o
 .bss.counter.1963
                0x008001d2        0x1 obj_ghpad_lufa/common/softpwm_led.o
 .bss.pwm.1958  0x008001d3        0x1 obj_ghpad_lufa/common/softpwm_led.o
 .bss.breathing_led_direction
                0x008001d4        0x1 obj_ghpad_lufa/common/softpwm_led.o
 .bss.breathing_led_index
                0x008001d5        0x5 obj_ghpad_lufa/common/softpwm_led.o
 .bss.breathing_led_duration
                0x008001da        0x1 obj_ghpad_lufa/common/softpwm_led.o
 .bss.breathing_led_once
                0x008001db        0x1 obj_ghpad_lufa/common/softpwm_led.o
 .bss.breathing_led_state
                0x008001dc        0x1 obj_ghpad_lufa/common/softpwm_led.o
 .bss.fading_led_delay
                0x008001dd        0x5 obj_ghpad_lufa/common/softpwm_led.o
 .bss.fading_led_duration
                0x008001e2        0x1 obj_ghpad_lufa/common/softpwm_led.o
 .bss.fading_led_direction
                0x008001e3        0x1 obj_ghpad_lufa/common/softpwm_led.o
 .bss.fading_led_state
                0x008001e4        0x1 obj_ghpad_lufa/common/softpwm_led.o
 .bss.softpwm_led_ocr_buff
                0x008001e5        0x5 obj_ghpad_lufa/common/softpwm_led.o
 .bss.softpwm_led_ocr
                0x008001ea        0x5 obj_ghpad_lufa/common/softpwm_led.o
 .bss.softpwm_led_state
                0x008001ef        0x1 obj_ghpad_lufa/common/softpwm_led.o
 .bss.reverse_binding
                0x008001f0        0x1 obj_ghpad_lufa/common/ledmap.o
 .bss.backlight_binding
                0x008001f1        0x1 obj_ghpad_lufa/common/ledmap.o
 .bss.layer_binding
                0x008001f2        0x1 obj_ghpad_lufa/common/ledmap.o
 .bss.default_layer_binding
                0x008001f3        0x1 obj_ghpad_lufa/common/ledmap.o
 .bss.usb_led_binding
                0x008001f4        0x1 obj_ghpad_lufa/common/ledmap.o
 .bss.led_state_last
                0x008001f5        0x1 obj_ghpad_lufa/common/ledmap.o
 .bss.ledmap    0x008001f6        0xa obj_ghpad_lufa/common/ledmap_in_eeprom.o
 *(COMMON)
 COMMON         0x00800200        0x1 obj_ghpad_lufa/keymap_mypad.o
                0x00800200                keymap_config
 COMMON         0x00800201        0x3 obj_ghpad_lufa/protocol/lufa/LUFA-git/LUFA/Drivers/USB/Core/DeviceStandardReq.o
                0x00800201                USB_Device_ConfigurationNumber
                0x00800202                USB_Device_CurrentlySelfPowered
                0x00800203                USB_Device_RemoteWakeupEnabled
 COMMON         0x00800204        0xa obj_ghpad_lufa/protocol/lufa/LUFA-git/LUFA/Drivers/USB/Core/USBTask.o
                0x00800204                USB_IsInitialized
                0x00800205                USB_DeviceState
                0x00800206                USB_ControlRequest
 COMMON         0x0080020e        0x1 obj_ghpad_lufa/common/backlight.o
                0x0080020e                backlight_config
                0x0080020f                PROVIDE (__bss_end, .)
                0x000068be                __data_load_start = LOADADDR (.data)
                0x000068f6                __data_load_end = (__data_load_start + SIZEOF (.data))

.noinit         0x0080020f        0x4
                0x0080020f                PROVIDE (__noinit_start, .)
 *(.noinit*)
 .noinit        0x0080020f        0x4 obj_ghpad_lufa/common/avr/bootloader.o
                0x0080020f                reset_key
                0x00800213                PROVIDE (__noinit_end, .)
                0x00800213                _end = .
                0x00800213                PROVIDE (__heap_start, .)

.eeprom         0x00810000        0x0
 *(.eeprom*)
                0x00810000                __eeprom_end = .

.fuse
 *(.fuse)
 *(.lfuse)
 *(.hfuse)
 *(.efuse)

.lock
 *(.lock*)

.signature
 *(.signature*)

.user_signatures
 *(.user_signatures*)

.stab           0x00000000      0x8b8
 *(.stab)
 .stab          0x00000000      0x8b8 obj_ghpad_lufa/common/avr/xprintf.o

.stabstr        0x00000000       0xa7
 *(.stabstr)
 .stabstr       0x00000000       0xa7 obj_ghpad_lufa/common/avr/xprintf.o

.stab.excl
 *(.stab.excl)

.stab.exclstr
 *(.stab.exclstr)

.stab.index
 *(.stab.index)

.stab.indexstr
 *(.stab.indexstr)

.comment        0x00000000       0x11
 *(.comment)
 .comment       0x00000000       0x11 obj_ghpad_lufa/keymap_mypad.o
                                 0x12 (size before relaxing)
 .comment       0x00000000       0x12 obj_ghpad_lufa/keymap_common.o
 .comment       0x00000000       0x12 obj_ghpad_lufa/matrix.o
 .comment       0x00000000       0x12 obj_ghpad_lufa/led.o
 .comment       0x00000000       0x12 obj_ghpad_lufa/backlight.o
 .comment       0x00000000       0x12 obj_ghpad_lufa/ledmap.o
 .comment       0x00000000       0x12 obj_ghpad_lufa/protocol/lufa/lufa.o
 .comment       0x00000000       0x12 obj_ghpad_lufa/protocol/lufa/descriptor.o
 .comment       0x00000000       0x12 obj_ghpad_lufa/protocol/lufa/LUFA-git/LUFA/Drivers/USB/Class/Common/HIDParser.o
 .comment       0x00000000       0x12 obj_ghpad_lufa/protocol/lufa/LUFA-git/LUFA/Drivers/USB/Core/AVR8/Device_AVR8.o
 .comment       0x00000000       0x12 obj_ghpad_lufa/protocol/lufa/LUFA-git/LUFA/Drivers/USB/Core/AVR8/EndpointStream_AVR8.o
 .comment       0x00000000       0x12 obj_ghpad_lufa/protocol/lufa/LUFA-git/LUFA/Drivers/USB/Core/AVR8/Endpoint_AVR8.o
 .comment       0x00000000       0x12 obj_ghpad_lufa/protocol/lufa/LUFA-git/LUFA/Drivers/USB/Core/AVR8/Host_AVR8.o
 .comment       0x00000000       0x12 obj_ghpad_lufa/protocol/lufa/LUFA-git/LUFA/Drivers/USB/Core/AVR8/PipeStream_AVR8.o
 .comment       0x00000000       0x12 obj_ghpad_lufa/protocol/lufa/LUFA-git/LUFA/Drivers/USB/Core/AVR8/Pipe_AVR8.o
 .comment       0x00000000       0x12 obj_ghpad_lufa/protocol/lufa/LUFA-git/LUFA/Drivers/USB/Core/AVR8/USBController_AVR8.o
 .comment       0x00000000       0x12 obj_ghpad_lufa/protocol/lufa/LUFA-git/LUFA/Drivers/USB/Core/AVR8/USBInterrupt_AVR8.o
 .comment       0x00000000       0x12 obj_ghpad_lufa/protocol/lufa/LUFA-git/LUFA/Drivers/USB/Core/ConfigDescriptors.o
 .comment       0x00000000       0x12 obj_ghpad_lufa/protocol/lufa/LUFA-git/LUFA/Drivers/USB/Core/DeviceStandardReq.o
 .comment       0x00000000       0x12 obj_ghpad_lufa/protocol/lufa/LUFA-git/LUFA/Drivers/USB/Core/Events.o
 .comment       0x00000000       0x12 obj_ghpad_lufa/protocol/lufa/LUFA-git/LUFA/Drivers/USB/Core/HostStandardReq.o
 .comment       0x00000000       0x12 obj_ghpad_lufa/protocol/lufa/LUFA-git/LUFA/Drivers/USB/Core/USBTask.o
 .comment       0x00000000       0x12 obj_ghpad_lufa/common/host.o
 .comment       0x00000000       0x12 obj_ghpad_lufa/common/keyboard.o
 .comment       0x00000000       0x12 obj_ghpad_lufa/common/action.o
 .comment       0x00000000       0x12 obj_ghpad_lufa/common/action_tapping.o
 .comment       0x00000000       0x12 obj_ghpad_lufa/common/action_macro.o
 .comment       0x00000000       0x12 obj_ghpad_lufa/common/action_layer.o
 .comment       0x00000000       0x12 obj_ghpad_lufa/common/action_util.o
 .comment       0x00000000       0x12 obj_ghpad_lufa/common/keymap.o
 .comment       0x00000000       0x12 obj_ghpad_lufa/common/print.o
 .comment       0x00000000       0x12 obj_ghpad_lufa/common/debug.o
 .comment       0x00000000       0x12 obj_ghpad_lufa/common/util.o
 .comment       0x00000000       0x12 obj_ghpad_lufa/common/avr/suspend.o
 .comment       0x00000000       0x12 obj_ghpad_lufa/common/avr/timer.o
 .comment       0x00000000       0x12 obj_ghpad_lufa/common/avr/bootloader.o
 .comment       0x00000000       0x12 obj_ghpad_lufa/common/bootmagic.o
 .comment       0x00000000       0x12 obj_ghpad_lufa/common/avr/eeconfig.o
 .comment       0x00000000       0x12 obj_ghpad_lufa/common/mousekey.o
 .comment       0x00000000       0x12 obj_ghpad_lufa/common/command.o
 .comment       0x00000000       0x12 obj_ghpad_lufa/common/softpwm_led.o
 .comment       0x00000000       0x12 obj_ghpad_lufa/common/backlight.o
 .comment       0x00000000       0x12 obj_ghpad_lufa/common/ledmap.o
 .comment       0x00000000       0x12 obj_ghpad_lufa/common/ledmap_in_eeprom.o

.debug
 *(.debug)

.line
 *(.line)

.debug_srcinfo
 *(.debug_srcinfo)

.debug_sfnames
 *(.debug_sfnames)

.debug_aranges  0x00000000      0xdd8
 *(.debug_aranges)
 .debug_aranges
                0x00000000       0x28 obj_ghpad_lufa/keymap_mypad.o
 .debug_aranges
                0x00000028       0x38 obj_ghpad_lufa/keymap_common.o
 .debug_aranges
                0x00000060       0x68 obj_ghpad_lufa/matrix.o
 .debug_aranges
                0x000000c8       0x18 obj_ghpad_lufa/led.o
 .debug_aranges
                0x000000e0       0x38 obj_ghpad_lufa/backlight.o
 .debug_aranges
                0x00000118       0x38 obj_ghpad_lufa/ledmap.o
 .debug_aranges
                0x00000150       0xa0 obj_ghpad_lufa/protocol/lufa/lufa.o
 .debug_aranges
                0x000001f0       0x20 obj_ghpad_lufa/protocol/lufa/descriptor.o
 .debug_aranges
                0x00000210       0x38 obj_ghpad_lufa/protocol/lufa/LUFA-git/LUFA/Drivers/USB/Class/Common/HIDParser.o
 .debug_aranges
                0x00000248       0x20 obj_ghpad_lufa/protocol/lufa/LUFA-git/LUFA/Drivers/USB/Core/AVR8/Device_AVR8.o
 .debug_aranges
                0x00000268       0xc8 obj_ghpad_lufa/protocol/lufa/LUFA-git/LUFA/Drivers/USB/Core/AVR8/EndpointStream_AVR8.o
 .debug_aranges
                0x00000330       0x40 obj_ghpad_lufa/protocol/lufa/LUFA-git/LUFA/Drivers/USB/Core/AVR8/Endpoint_AVR8.o
 .debug_aranges
                0x00000370       0x18 obj_ghpad_lufa/protocol/lufa/LUFA-git/LUFA/Drivers/USB/Core/AVR8/Host_AVR8.o
 .debug_aranges
                0x00000388       0x18 obj_ghpad_lufa/protocol/lufa/LUFA-git/LUFA/Drivers/USB/Core/AVR8/PipeStream_AVR8.o
 .debug_aranges
                0x000003a0       0x18 obj_ghpad_lufa/protocol/lufa/LUFA-git/LUFA/Drivers/USB/Core/AVR8/Pipe_AVR8.o
 .debug_aranges
                0x000003b8       0x30 obj_ghpad_lufa/protocol/lufa/LUFA-git/LUFA/Drivers/USB/Core/AVR8/USBController_AVR8.o
 .debug_aranges
                0x000003e8       0x38 obj_ghpad_lufa/protocol/lufa/LUFA-git/LUFA/Drivers/USB/Core/AVR8/USBInterrupt_AVR8.o
 .debug_aranges
                0x00000420       0x40 obj_ghpad_lufa/protocol/lufa/LUFA-git/LUFA/Drivers/USB/Core/ConfigDescriptors.o
 .debug_aranges
                0x00000460       0x20 obj_ghpad_lufa/protocol/lufa/LUFA-git/LUFA/Drivers/USB/Core/DeviceStandardReq.o
 .debug_aranges
                0x00000480       0x20 obj_ghpad_lufa/protocol/lufa/LUFA-git/LUFA/Drivers/USB/Core/Events.o
 .debug_aranges
                0x000004a0       0x18 obj_ghpad_lufa/protocol/lufa/LUFA-git/LUFA/Drivers/USB/Core/HostStandardReq.o
 .debug_aranges
                0x000004b8       0x20 obj_ghpad_lufa/protocol/lufa/LUFA-git/LUFA/Drivers/USB/Core/USBTask.o
 .debug_aranges
                0x000004d8       0x60 obj_ghpad_lufa/common/host.o
 .debug_aranges
                0x00000538       0x40 obj_ghpad_lufa/common/keyboard.o
 .debug_aranges
                0x00000578       0x90 obj_ghpad_lufa/common/action.o
 .debug_aranges
                0x00000608       0x50 obj_ghpad_lufa/common/action_tapping.o
 .debug_aranges
                0x00000658       0x30 obj_ghpad_lufa/common/action_macro.o
 .debug_aranges
                0x00000688       0xb0 obj_ghpad_lufa/common/action_layer.o
 .debug_aranges
                0x00000738       0xb0 obj_ghpad_lufa/common/action_util.o
 .debug_aranges
                0x000007e8       0x48 obj_ghpad_lufa/common/keymap.o
 .debug_aranges
                0x00000830       0x20 obj_ghpad_lufa/common/print.o
 .debug_aranges
                0x00000850       0x18 obj_ghpad_lufa/common/debug.o
 .debug_aranges
                0x00000868       0x60 obj_ghpad_lufa/common/util.o
 .debug_aranges
                0x000008c8       0x50 obj_ghpad_lufa/common/avr/suspend.o
 .debug_aranges
                0x00000918       0x50 obj_ghpad_lufa/common/avr/timer.o
 .debug_aranges
                0x00000968       0x28 obj_ghpad_lufa/common/avr/bootloader.o
 .debug_aranges
                0x00000990       0x40 obj_ghpad_lufa/common/bootmagic.o
 .debug_aranges
                0x000009d0       0x78 obj_ghpad_lufa/common/avr/eeconfig.o
 .debug_aranges
                0x00000a48       0x50 obj_ghpad_lufa/common/mousekey.o
 .debug_aranges
                0x00000a98       0x70 obj_ghpad_lufa/common/command.o
 .debug_aranges
                0x00000b08      0x120 obj_ghpad_lufa/common/softpwm_led.o
 .debug_aranges
                0x00000c28       0x50 obj_ghpad_lufa/common/backlight.o
 .debug_aranges
                0x00000c78       0x70 obj_ghpad_lufa/common/ledmap.o
 .debug_aranges
                0x00000ce8       0x30 obj_ghpad_lufa/common/ledmap_in_eeprom.o
 .debug_aranges
                0x00000d18       0x20 /usr/local/CrossPack-AVR-20131216/lib/gcc/avr/4.8.1/avr5/libgcc.a(_divmodhi4.o)
 .debug_aranges